Component: ARM Compiler 6.12 Tool: armlink [5d624300]

==============================================================================

Section Cross References

    board.o(.text.BOARD_InitDebugConsole) refers to fsl_clock.o(.text.CLOCK_AttachClk) for CLOCK_AttachClk
    board.o(.text.BOARD_InitDebugConsole) refers to fsl_reset.o(.text.RESET_ClearPeripheralReset) for RESET_ClearPeripheralReset
    board.o(.text.BOARD_InitDebugConsole) refers to fsl_debug_console.o(.text.DbgConsole_Init) for DbgConsole_Init
    board.o(.ARM.exidx.text.BOARD_InitDebugConsole) refers to board.o(.text.BOARD_InitDebugConsole) for [Anonymous Symbol]
    board.o(.text.BOARD_InitDebugConsole_Core1) refers to fsl_clock.o(.text.CLOCK_AttachClk) for CLOCK_AttachClk
    board.o(.text.BOARD_InitDebugConsole_Core1) refers to fsl_reset.o(.text.RESET_ClearPeripheralReset) for RESET_ClearPeripheralReset
    board.o(.text.BOARD_InitDebugConsole_Core1) refers to fsl_debug_console.o(.text.DbgConsole_Init) for DbgConsole_Init
    board.o(.ARM.exidx.text.BOARD_InitDebugConsole_Core1) refers to board.o(.text.BOARD_InitDebugConsole_Core1) for [Anonymous Symbol]
    clock_config.o(.text.BOARD_InitBootClocks) refers to fsl_clock.o(.text.CLOCK_SetupFROClocking) for CLOCK_SetupFROClocking
    clock_config.o(.text.BOARD_InitBootClocks) refers to fsl_clock.o(.text.CLOCK_AttachClk) for CLOCK_AttachClk
    clock_config.o(.text.BOARD_InitBootClocks) refers to fsl_clock.o(.text.CLOCK_SetupExtClocking) for CLOCK_SetupExtClocking
    clock_config.o(.text.BOARD_InitBootClocks) refers to fsl_power_lib.o(.text.POWER_SetVoltageForFreq) for POWER_SetVoltageForFreq
    clock_config.o(.text.BOARD_InitBootClocks) refers to fsl_clock.o(.text.CLOCK_SetFLASHAccessCyclesForFreq) for CLOCK_SetFLASHAccessCyclesForFreq
    clock_config.o(.text.BOARD_InitBootClocks) refers to clock_config.o(.rodata.cst32) for .L__const.BOARD_BootClockPLL150M.pll0Setup
    clock_config.o(.text.BOARD_InitBootClocks) refers to fsl_clock.o(.text.CLOCK_SetPLL0Freq) for CLOCK_SetPLL0Freq
    clock_config.o(.text.BOARD_InitBootClocks) refers to fsl_clock.o(.text.CLOCK_SetClkDiv) for CLOCK_SetClkDiv
    clock_config.o(.text.BOARD_InitBootClocks) refers to system_lpc55s69_cm33_core1.o(.data.SystemCoreClock) for SystemCoreClock
    clock_config.o(.ARM.exidx.text.BOARD_InitBootClocks) refers to clock_config.o(.text.BOARD_InitBootClocks) for [Anonymous Symbol]
    clock_config.o(.text.BOARD_BootClockPLL150M) refers to fsl_clock.o(.text.CLOCK_SetupFROClocking) for CLOCK_SetupFROClocking
    clock_config.o(.text.BOARD_BootClockPLL150M) refers to fsl_clock.o(.text.CLOCK_AttachClk) for CLOCK_AttachClk
    clock_config.o(.text.BOARD_BootClockPLL150M) refers to fsl_clock.o(.text.CLOCK_SetupExtClocking) for CLOCK_SetupExtClocking
    clock_config.o(.text.BOARD_BootClockPLL150M) refers to fsl_power_lib.o(.text.POWER_SetVoltageForFreq) for POWER_SetVoltageForFreq
    clock_config.o(.text.BOARD_BootClockPLL150M) refers to fsl_clock.o(.text.CLOCK_SetFLASHAccessCyclesForFreq) for CLOCK_SetFLASHAccessCyclesForFreq
    clock_config.o(.text.BOARD_BootClockPLL150M) refers to clock_config.o(.rodata.cst32) for .L__const.BOARD_BootClockPLL150M.pll0Setup
    clock_config.o(.text.BOARD_BootClockPLL150M) refers to fsl_clock.o(.text.CLOCK_SetPLL0Freq) for CLOCK_SetPLL0Freq
    clock_config.o(.text.BOARD_BootClockPLL150M) refers to fsl_clock.o(.text.CLOCK_SetClkDiv) for CLOCK_SetClkDiv
    clock_config.o(.text.BOARD_BootClockPLL150M) refers to system_lpc55s69_cm33_core1.o(.data.SystemCoreClock) for SystemCoreClock
    clock_config.o(.ARM.exidx.text.BOARD_BootClockPLL150M) refers to clock_config.o(.text.BOARD_BootClockPLL150M) for [Anonymous Symbol]
    clock_config.o(.text.BOARD_BootClockFRO12M) refers to fsl_clock.o(.text.CLOCK_SetupFROClocking) for CLOCK_SetupFROClocking
    clock_config.o(.text.BOARD_BootClockFRO12M) refers to fsl_clock.o(.text.CLOCK_AttachClk) for CLOCK_AttachClk
    clock_config.o(.text.BOARD_BootClockFRO12M) refers to fsl_power_lib.o(.text.POWER_SetVoltageForFreq) for POWER_SetVoltageForFreq
    clock_config.o(.text.BOARD_BootClockFRO12M) refers to fsl_clock.o(.text.CLOCK_SetFLASHAccessCyclesForFreq) for CLOCK_SetFLASHAccessCyclesForFreq
    clock_config.o(.text.BOARD_BootClockFRO12M) refers to fsl_clock.o(.text.CLOCK_SetClkDiv) for CLOCK_SetClkDiv
    clock_config.o(.text.BOARD_BootClockFRO12M) refers to system_lpc55s69_cm33_core1.o(.data.SystemCoreClock) for SystemCoreClock
    clock_config.o(.ARM.exidx.text.BOARD_BootClockFRO12M) refers to clock_config.o(.text.BOARD_BootClockFRO12M) for [Anonymous Symbol]
    clock_config.o(.text.BOARD_BootClockFROHF96M) refers to fsl_clock.o(.text.CLOCK_SetupFROClocking) for CLOCK_SetupFROClocking
    clock_config.o(.text.BOARD_BootClockFROHF96M) refers to fsl_clock.o(.text.CLOCK_AttachClk) for CLOCK_AttachClk
[...]
    Removing fsl_spi.o(.text.SPI_GetInstance), (196 bytes).
    Removing fsl_spi.o(.ARM.exidx.text.SPI_GetInstance), (8 bytes).
    Removing fsl_spi.o(.text.SPI_SetDummyData), (284 bytes).
    Removing fsl_spi.o(.ARM.exidx.text.SPI_SetDummyData), (8 bytes).
    Removing fsl_spi.o(.text.SPI_GetConfig), (198 bytes).
    Removing fsl_spi.o(.ARM.exidx.text.SPI_GetConfig), (8 bytes).
    Removing fsl_spi.o(.text.SPI_MasterGetDefaultConfig), (44 bytes).
    Removing fsl_spi.o(.ARM.exidx.text.SPI_MasterGetDefaultConfig), (8 bytes).
    Removing fsl_spi.o(.text.SPI_MasterInit), (720 bytes).
    Removing fsl_spi.o(.ARM.exidx.text.SPI_MasterInit), (8 bytes).
    Removing fsl_spi.o(.ARM.exidx.text.SPI_MasterSetBaud), (8 bytes).
    Removing fsl_spi.o(.text.SPI_SlaveGetDefaultConfig), (28 bytes).
    Removing fsl_spi.o(.ARM.exidx.text.SPI_SlaveGetDefaultConfig), (8 bytes).
    Removing fsl_spi.o(.text.SPI_SlaveInit), (576 bytes).
    Removing fsl_spi.o(.ARM.exidx.text.SPI_SlaveInit), (8 bytes).
    Removing fsl_spi.o(.text.SPI_Deinit), (32 bytes).
    Removing fsl_spi.o(.ARM.exidx.text.SPI_Deinit), (8 bytes).
    Removing fsl_spi.o(.text.SPI_EnableTxDMA), (22 bytes).
    Removing fsl_spi.o(.ARM.exidx.text.SPI_EnableTxDMA), (8 bytes).
    Removing fsl_spi.o(.text.SPI_EnableRxDMA), (22 bytes).
    Removing fsl_spi.o(.ARM.exidx.text.SPI_EnableRxDMA), (8 bytes).
    Removing fsl_spi.o(.text.SPI_WriteData), (266 bytes).
    Removing fsl_spi.o(.ARM.exidx.text.SPI_WriteData), (8 bytes).
    Removing fsl_spi.o(.text.SPI_MasterTransferCreateHandle), (332 bytes).
    Removing fsl_spi.o(.ARM.exidx.text.SPI_MasterTransferCreateHandle), (8 bytes).
    Removing fsl_spi.o(.text.SPI_MasterTransferHandleIRQ), (728 bytes).
    Removing fsl_spi.o(.ARM.exidx.text.SPI_MasterTransferHandleIRQ), (8 bytes).
    Removing fsl_spi.o(.text.SPI_SlaveTransferHandleIRQ), (4 bytes).
    Removing fsl_spi.o(.ARM.exidx.text.SPI_SlaveTransferHandleIRQ), (8 bytes).
    Removing fsl_spi.o(.text.SPI_MasterTransferBlocking), (830 bytes).
    Removing fsl_spi.o(.ARM.exidx.text.SPI_MasterTransferBlocking), (8 bytes).
    Removing fsl_spi.o(.text.SPI_MasterTransferNonBlocking), (176 bytes).
    Removing fsl_spi.o(.ARM.exidx.text.SPI_MasterTransferNonBlocking), (8 bytes).
    Removing fsl_spi.o(.text.SPI_MasterHalfDuplexTransferBlocking), (132 bytes).
    Removing fsl_spi.o(.ARM.exidx.text.SPI_MasterHalfDuplexTransferBlocking), (8 bytes).
    Removing fsl_spi.o(.text.SPI_MasterHalfDuplexTransferNonBlocking), (244 bytes).
    Removing fsl_spi.o(.ARM.exidx.text.SPI_MasterHalfDuplexTransferNonBlocking), (8 bytes).
    Removing fsl_spi.o(.text.SPI_MasterTransferGetCount), (36 bytes).
    Removing fsl_spi.o(.ARM.exidx.text.SPI_MasterTransferGetCount), (8 bytes).
    Removing fsl_spi.o(.text.SPI_MasterTransferAbort), (38 bytes).
    Removing fsl_spi.o(.ARM.exidx.text.SPI_MasterTransferAbort), (8 bytes).
    Removing fsl_spi.o(.bss..L_MergedGlobals), (27 bytes).
    Removing fsl_spi_dma.o(.text), (0 bytes).
    Removing fsl_spi_dma.o(.text.SPI_MasterTransferCreateHandleDMA), (124 bytes).
    Removing fsl_spi_dma.o(.ARM.exidx.text.SPI_MasterTransferCreateHandleDMA), (8 bytes).
    Removing fsl_spi_dma.o(.text.SPI_TxDMACallback), (42 bytes).
    Removing fsl_spi_dma.o(.ARM.exidx.text.SPI_TxDMACallback), (8 bytes).
    Removing fsl_spi_dma.o(.text.SPI_RxDMACallback), (42 bytes).
    Removing fsl_spi_dma.o(.ARM.exidx.text.SPI_RxDMACallback), (8 bytes).
    Removing fsl_spi_dma.o(.text.SPI_MasterTransferDMA), (880 bytes).
    Removing fsl_spi_dma.o(.ARM.exidx.text.SPI_MasterTransferDMA), (8 bytes).
    Removing fsl_spi_dma.o(.text.SPI_MasterHalfDuplexTransferDMA), (136 bytes).
    Removing fsl_spi_dma.o(.ARM.exidx.text.SPI_MasterHalfDuplexTransferDMA), (8 bytes).
    Removing fsl_spi_dma.o(.text.SPI_MasterTransferAbortDMA), (26 bytes).
    Removing fsl_spi_dma.o(.ARM.exidx.text.SPI_MasterTransferAbortDMA), (8 bytes).
    Removing fsl_spi_dma.o(.text.SPI_MasterTransferGetCountDMA), (48 bytes).
    Removing fsl_spi_dma.o(.ARM.exidx.text.SPI_MasterTransferGetCountDMA), (8 bytes).
    Removing fsl_spi_dma.o(.bss.s_dmaPrivateHandle), (72 bytes).
    Removing fsl_spi_dma.o(.bss.s_spi_descriptor_table), (144 bytes).
    Removing fsl_spi_dma.o(.bss..L_MergedGlobals), (112 bytes).
    Removing fsl_clock.o(.text), (0 bytes).
    Removing fsl_clock.o(.text.CLOCK_AttachClk), (132 bytes).
    Removing fsl_clock.o(.ARM.exidx.text.CLOCK_AttachClk), (8 bytes).
    Removing fsl_clock.o(.text.CLOCK_GetClockAttachId), (118 bytes).
    Removing fsl_clock.o(.ARM.exidx.text.CLOCK_GetClockAttachId), (8 bytes).
    Removing fsl_clock.o(.text.CLOCK_SetClkDiv), (36 bytes).
    Removing fsl_clock.o(.ARM.exidx.text.CLOCK_SetClkDiv), (8 bytes).
    Removing fsl_clock.o(.text.CLOCK_SetRtc1khzClkDiv), (26 bytes).
    Removing fsl_clock.o(.ARM.exidx.text.CLOCK_SetRtc1khzClkDiv), (8 bytes).
    Removing fsl_clock.o(.text.CLOCK_SetRtc1hzClkDiv), (42 bytes).
    Removing fsl_clock.o(.ARM.exidx.text.CLOCK_SetRtc1hzClkDiv), (8 bytes).
    Removing fsl_clock.o(.text.CLOCK_SetupFROClocking), (108 bytes).
    Removing fsl_clock.o(.ARM.exidx.text.CLOCK_SetupFROClocking), (8 bytes).
    Removing fsl_clock.o(.text.CLOCK_SetFLASHAccessCyclesForFreq), (290 bytes).
    Removing fsl_clock.o(.ARM.exidx.text.CLOCK_SetFLASHAccessCyclesForFreq), (8 bytes).
    Removing fsl_clock.o(.text.CLOCK_SetupExtClocking), (64 bytes).
    Removing fsl_clock.o(.ARM.exidx.text.CLOCK_SetupExtClocking), (8 bytes).
    Removing fsl_clock.o(.text.CLOCK_SetupI2SMClkClocking), (16 bytes).
    Removing fsl_clock.o(.ARM.exidx.text.CLOCK_SetupI2SMClkClocking), (8 bytes).
    Removing fsl_clock.o(.text.CLOCK_SetupPLUClkInClocking), (16 bytes).
    Removing fsl_clock.o(.ARM.exidx.text.CLOCK_SetupPLUClkInClocking), (8 bytes).
    Removing fsl_clock.o(.text.CLOCK_GetClockOutClkFreq), (370 bytes).
    Removing fsl_clock.o(.ARM.exidx.text.CLOCK_GetClockOutClkFreq), (8 bytes).
    Removing fsl_clock.o(.text.CLOCK_GetCoreSysClkFreq), (204 bytes).
    Removing fsl_clock.o(.ARM.exidx.text.CLOCK_GetCoreSysClkFreq), (8 bytes).
    Removing fsl_clock.o(.text.CLOCK_GetPll0OutFreq), (12 bytes).
    Removing fsl_clock.o(.ARM.exidx.text.CLOCK_GetPll0OutFreq), (8 bytes).
    Removing fsl_clock.o(.text.CLOCK_GetExtClkFreq), (28 bytes).
    Removing fsl_clock.o(.ARM.exidx.text.CLOCK_GetExtClkFreq), (8 bytes).
    Removing fsl_clock.o(.text.CLOCK_GetFroHfFreq), (26 bytes).
    Removing fsl_clock.o(.ARM.exidx.text.CLOCK_GetFroHfFreq), (8 bytes).
    Removing fsl_clock.o(.text.CLOCK_GetFro1MFreq), (26 bytes).
    Removing fsl_clock.o(.ARM.exidx.text.CLOCK_GetFro1MFreq), (8 bytes).
    Removing fsl_clock.o(.text.CLOCK_GetPll1OutFreq), (4 bytes).
    Removing fsl_clock.o(.ARM.exidx.text.CLOCK_GetPll1OutFreq), (8 bytes).
    Removing fsl_clock.o(.text.CLOCK_GetOsc32KFreq), (40 bytes).
    Removing fsl_clock.o(.ARM.exidx.text.CLOCK_GetOsc32KFreq), (8 bytes).
    Removing fsl_clock.o(.text.CLOCK_GetAdcClkFreq), (274 bytes).
    Removing fsl_clock.o(.ARM.exidx.text.CLOCK_GetAdcClkFreq), (8 bytes).
    Removing fsl_clock.o(.text.CLOCK_GetUsb0ClkFreq), (272 bytes).
    Removing fsl_clock.o(.ARM.exidx.text.CLOCK_GetUsb0ClkFreq), (8 bytes).
    Removing fsl_clock.o(.text.CLOCK_GetUsb1ClkFreq), (28 bytes).
    Removing fsl_clock.o(.ARM.exidx.text.CLOCK_GetUsb1ClkFreq), (8 bytes).
    Removing fsl_clock.o(.text.CLOCK_GetMclkClkFreq), (70 bytes).
    Removing fsl_clock.o(.ARM.exidx.text.CLOCK_GetMclkClkFreq), (8 bytes).
    Removing fsl_clock.o(.text.CLOCK_GetSctClkFreq), (318 bytes).
    Removing fsl_clock.o(.ARM.exidx.text.CLOCK_GetSctClkFreq), (8 bytes).
    Removing fsl_clock.o(.text.CLOCK_GetI2SMClkFreq), (12 bytes).
    Removing fsl_clock.o(.ARM.exidx.text.CLOCK_GetI2SMClkFreq), (8 bytes).
    Removing fsl_clock.o(.text.CLOCK_GetSdioClkFreq), (272 bytes).
    Removing fsl_clock.o(.ARM.exidx.text.CLOCK_GetSdioClkFreq), (8 bytes).
    Removing fsl_clock.o(.text.CLOCK_GetFro12MFreq), (26 bytes).
    Removing fsl_clock.o(.ARM.exidx.text.CLOCK_GetFro12MFreq), (8 bytes).
    Removing fsl_clock.o(.text.CLOCK_GetWdtClkFreq), (46 bytes).
    Removing fsl_clock.o(.ARM.exidx.text.CLOCK_GetWdtClkFreq), (8 bytes).
    Removing fsl_clock.o(.text.CLOCK_GetPLUClkInFreq), (12 bytes).
    Removing fsl_clock.o(.ARM.exidx.text.CLOCK_GetPLUClkInFreq), (8 bytes).
    Removing fsl_clock.o(.text.CLOCK_GetFlexCommInputClock), (340 bytes).
    Removing fsl_clock.o(.ARM.exidx.text.CLOCK_GetFlexCommInputClock), (8 bytes).
    Removing fsl_clock.o(.text.CLOCK_GetFlexCommClkFreq), (44 bytes).
    Removing fsl_clock.o(.ARM.exidx.text.CLOCK_GetFlexCommClkFreq), (8 bytes).
    Removing fsl_clock.o(.text.CLOCK_GetHsLspiClkFreq), (330 bytes).
    Removing fsl_clock.o(.ARM.exidx.text.CLOCK_GetHsLspiClkFreq), (8 bytes).
    Removing fsl_clock.o(.text.CLOCK_GetCTimerClkFreq), (294 bytes).
    Removing fsl_clock.o(.ARM.exidx.text.CLOCK_GetCTimerClkFreq), (8 bytes).
    Removing fsl_clock.o(.text.CLOCK_GetSystickClkFreq), (304 bytes).
    Removing fsl_clock.o(.ARM.exidx.text.CLOCK_GetSystickClkFreq), (8 bytes).
    Removing fsl_clock.o(.text.CLOCK_SetFlexCommClock), (114 bytes).
    Removing fsl_clock.o(.ARM.exidx.text.CLOCK_SetFlexCommClock), (8 bytes).
    Removing fsl_clock.o(.text.CLOCK_GetFreq), (540 bytes).
    Removing fsl_clock.o(.ARM.exidx.text.CLOCK_GetFreq), (8 bytes).
    Removing fsl_clock.o(.text.CLOCK_GetPLL0InClockRate), (126 bytes).
    Removing fsl_clock.o(.ARM.exidx.text.CLOCK_GetPLL0InClockRate), (8 bytes).
    Removing fsl_clock.o(.text.CLOCK_GetPLL1InClockRate), (132 bytes).
    Removing fsl_clock.o(.ARM.exidx.text.CLOCK_GetPLL1InClockRate), (8 bytes).
    Removing fsl_clock.o(.text.CLOCK_GetPLL0OutFromSetup), (374 bytes).
    Removing fsl_clock.o(.ARM.exidx.text.CLOCK_GetPLL0OutFromSetup), (8 bytes).
    Removing fsl_clock.o(.text.CLOCK_SetStoredPLL0ClockRate), (12 bytes).
    Removing fsl_clock.o(.ARM.exidx.text.CLOCK_SetStoredPLL0ClockRate), (8 bytes).
    Removing fsl_clock.o(.text.CLOCK_GetPLL0OutClockRate), (50 bytes).
    Removing fsl_clock.o(.ARM.exidx.text.CLOCK_GetPLL0OutClockRate), (8 bytes).
    Removing fsl_clock.o(.text.CLOCK_SetupPLL0Data), (926 bytes).
    Removing fsl_clock.o(.ARM.exidx.text.CLOCK_SetupPLL0Data), (8 bytes).
    Removing fsl_clock.o(.text.CLOCK_SetupPLL0Prec), (384 bytes).
    Removing fsl_clock.o(.ARM.exidx.text.CLOCK_SetupPLL0Prec), (8 bytes).
    Removing fsl_clock.o(.text.CLOCK_SetPLL0Freq), (390 bytes).
    Removing fsl_clock.o(.ARM.exidx.text.CLOCK_SetPLL0Freq), (8 bytes).
    Removing fsl_clock.o(.text.CLOCK_SetPLL1Freq), (342 bytes).
    Removing fsl_clock.o(.ARM.exidx.text.CLOCK_SetPLL1Freq), (8 bytes).
    Removing fsl_clock.o(.text.CLOCK_SetupPLL0Mult), (190 bytes).
    Removing fsl_clock.o(.ARM.exidx.text.CLOCK_SetupPLL0Mult), (8 bytes).
    Removing fsl_clock.o(.text.CLOCK_EnableUsbfs0DeviceClock), (264 bytes).
    Removing fsl_clock.o(.ARM.exidx.text.CLOCK_EnableUsbfs0DeviceClock), (8 bytes).
    Removing fsl_clock.o(.text.CLOCK_EnableUsbfs0HostClock), (306 bytes).
    Removing fsl_clock.o(.ARM.exidx.text.CLOCK_EnableUsbfs0HostClock), (8 bytes).
    Removing fsl_clock.o(.text.CLOCK_EnableUsbhs0PhyPllClock), (160 bytes).
    Removing fsl_clock.o(.ARM.exidx.text.CLOCK_EnableUsbhs0PhyPllClock), (8 bytes).
    Removing fsl_clock.o(.text.CLOCK_EnableUsbhs0DeviceClock), (48 bytes).
    Removing fsl_clock.o(.ARM.exidx.text.CLOCK_EnableUsbhs0DeviceClock), (8 bytes).
    Removing fsl_clock.o(.text.CLOCK_EnableUsbhs0HostClock), (48 bytes).
    Removing fsl_clock.o(.ARM.exidx.text.CLOCK_EnableUsbhs0HostClock), (8 bytes).
    Removing fsl_clock.o(.data.s_Ext_Clk_Freq), (4 bytes).
    Removing fsl_clock.o(.bss.s_PLU_ClkIn_Freq), (4 bytes).
    Removing fsl_clock.o(.rodata.cst32), (32 bytes).
    Removing fsl_clock.o(.bss..L_MergedGlobals), (96 bytes).
    Removing fsl_common.o(.text), (0 bytes).
    Removing fsl_common.o(.text.SDK_Malloc), (52 bytes).
    Removing fsl_common.o(.ARM.exidx.text.SDK_Malloc), (8 bytes).
    Removing fsl_common.o(.text.SDK_Free), (24 bytes).
    Removing fsl_common.o(.ARM.exidx.text.SDK_Free), (8 bytes).
    Removing fsl_common.o(.text.SDK_DelayAtLeastUs), (30 bytes).
    Removing fsl_common.o(.ARM.exidx.text.SDK_DelayAtLeastUs), (8 bytes).
    Removing fsl_flexcomm.o(.text), (0 bytes).
    Removing fsl_flexcomm.o(.text.FLEXCOMM_GetInstance), (196 bytes).
    Removing fsl_flexcomm.o(.ARM.exidx.text.FLEXCOMM_GetInstance), (8 bytes).
    Removing fsl_flexcomm.o(.text.FLEXCOMM_Init), (340 bytes).
    Removing fsl_flexcomm.o(.ARM.exidx.text.FLEXCOMM_Init), (8 bytes).
    Removing fsl_flexcomm.o(.text.FLEXCOMM_SetIRQHandler), (222 bytes).
    Removing fsl_flexcomm.o(.ARM.exidx.text.FLEXCOMM_SetIRQHandler), (8 bytes).
    Removing fsl_flexcomm.o(.ARM.exidx.text.FLEXCOMM0_DriverIRQHandler), (8 bytes).
    Removing fsl_flexcomm.o(.ARM.exidx.text.FLEXCOMM1_DriverIRQHandler), (8 bytes).
    Removing fsl_flexcomm.o(.ARM.exidx.text.FLEXCOMM2_DriverIRQHandler), (8 bytes).
    Removing fsl_flexcomm.o(.ARM.exidx.text.FLEXCOMM3_DriverIRQHandler), (8 bytes).
    Removing fsl_flexcomm.o(.ARM.exidx.text.FLEXCOMM4_DriverIRQHandler), (8 bytes).
    Removing fsl_flexcomm.o(.ARM.exidx.text.FLEXCOMM5_DriverIRQHandler), (8 bytes).
    Removing fsl_flexcomm.o(.ARM.exidx.text.FLEXCOMM6_DriverIRQHandler), (8 bytes).
    Removing fsl_flexcomm.o(.ARM.exidx.text.FLEXCOMM7_DriverIRQHandler), (8 bytes).
    Removing fsl_flexcomm.o(.ARM.exidx.text.FLEXCOMM8_DriverIRQHandler), (8 bytes).
    Removing fsl_flexcomm.o(.rodata.kFlexcommIrqs), (9 bytes).
    Removing fsl_flexcomm.o(.rodata.s_flexcommClocks), (18 bytes).
    Removing fsl_gpio.o(.text), (0 bytes).
    Removing fsl_gpio.o(.text.GPIO_PortInit), (68 bytes).
    Removing fsl_gpio.o(.ARM.exidx.text.GPIO_PortInit), (8 bytes).
    Removing fsl_gpio.o(.text.GPIO_PinInit), (76 bytes).
    Removing fsl_gpio.o(.ARM.exidx.text.GPIO_PinInit), (8 bytes).
    Removing fsl_power.o(.text), (0 bytes).
    Removing fsl_reset.o(.text), (0 bytes).
    Removing fsl_reset.o(.text.RESET_SetPeripheralReset), (64 bytes).
    Removing fsl_reset.o(.ARM.exidx.text.RESET_SetPeripheralReset), (8 bytes).
    Removing fsl_reset.o(.text.RESET_ClearPeripheralReset), (72 bytes).
    Removing fsl_reset.o(.ARM.exidx.text.RESET_ClearPeripheralReset), (8 bytes).
    Removing fsl_reset.o(.ARM.exidx.text.RESET_PeripheralReset), (8 bytes).
    Removing fsl_usart.o(.text), (0 bytes).
    Removing fsl_usart.o(.text.USART_GetInstance), (32 bytes).
    Removing fsl_usart.o(.ARM.exidx.text.USART_GetInstance), (8 bytes).
    Removing fsl_usart.o(.text.USART_TransferGetRxRingBufferLength), (16 bytes).
    Removing fsl_usart.o(.ARM.exidx.text.USART_TransferGetRxRingBufferLength), (8 bytes).
    Removing fsl_usart.o(.text.USART_TransferStartRingBuffer), (24 bytes).
    Removing fsl_usart.o(.ARM.exidx.text.USART_TransferStartRingBuffer), (8 bytes).
    Removing fsl_usart.o(.text.USART_TransferStopRingBuffer), (26 bytes).
    Removing fsl_usart.o(.ARM.exidx.text.USART_TransferStopRingBuffer), (8 bytes).
    Removing fsl_usart.o(.text.USART_Init), (262 bytes).
    Removing fsl_usart.o(.ARM.exidx.text.USART_Init), (8 bytes).
    Removing fsl_usart.o(.text.USART_SetBaudRate), (524 bytes).
    Removing fsl_usart.o(.ARM.exidx.text.USART_SetBaudRate), (8 bytes).
    Removing fsl_usart.o(.text.USART_Deinit), (54 bytes).
    Removing fsl_usart.o(.ARM.exidx.text.USART_Deinit), (8 bytes).
    Removing fsl_usart.o(.text.USART_GetDefaultConfig), (32 bytes).
    Removing fsl_usart.o(.ARM.exidx.text.USART_GetDefaultConfig), (8 bytes).
    Removing fsl_usart.o(.text.USART_WriteBlocking), (368 bytes).
    Removing fsl_usart.o(.ARM.exidx.text.USART_WriteBlocking), (8 bytes).
    Removing fsl_usart.o(.text.USART_ReadBlocking), (186 bytes).
    Removing fsl_usart.o(.ARM.exidx.text.USART_ReadBlocking), (8 bytes).
    Removing fsl_usart.o(.text.USART_TransferCreateHandle), (180 bytes).
    Removing fsl_usart.o(.ARM.exidx.text.USART_TransferCreateHandle), (8 bytes).
    Removing fsl_usart.o(.text.USART_TransferHandleIRQ), (582 bytes).
    Removing fsl_usart.o(.ARM.exidx.text.USART_TransferHandleIRQ), (8 bytes).
    Removing fsl_usart.o(.text.USART_TransferSendNonBlocking), (88 bytes).
    Removing fsl_usart.o(.ARM.exidx.text.USART_TransferSendNonBlocking), (8 bytes).
    Removing fsl_usart.o(.text.USART_TransferAbortSend), (28 bytes).
    Removing fsl_usart.o(.ARM.exidx.text.USART_TransferAbortSend), (8 bytes).
    Removing fsl_usart.o(.text.USART_TransferGetSendCount), (24 bytes).
    Removing fsl_usart.o(.ARM.exidx.text.USART_TransferGetSendCount), (8 bytes).
    Removing fsl_usart.o(.text.USART_TransferReceiveNonBlocking), (514 bytes).
    Removing fsl_usart.o(.ARM.exidx.text.USART_TransferReceiveNonBlocking), (8 bytes).
    Removing fsl_usart.o(.text.USART_TransferAbortReceive), (36 bytes).
    Removing fsl_usart.o(.ARM.exidx.text.USART_TransferAbortReceive), (8 bytes).
    Removing fsl_usart.o(.text.USART_TransferGetReceiveCount), (24 bytes).
    Removing fsl_usart.o(.ARM.exidx.text.USART_TransferGetReceiveCount), (8 bytes).
    Removing fsl_usart.o(.rodata..Lswitch.table.USART_TransferCreateHandle), (76 bytes).
    Removing fsl_dma.o(.text), (0 bytes).
    Removing fsl_dma.o(.text.DMA_Init), (104 bytes).
    Removing fsl_dma.o(.ARM.exidx.text.DMA_Init), (8 bytes).
    Removing fsl_dma.o(.text.DMA_Deinit), (72 bytes).
    Removing fsl_dma.o(.ARM.exidx.text.DMA_Deinit), (8 bytes).
    Removing fsl_dma.o(.text.DMA_ConfigureChannelTrigger), (36 bytes).
    Removing fsl_dma.o(.ARM.exidx.text.DMA_ConfigureChannelTrigger), (8 bytes).
    Removing fsl_dma.o(.text.DMA_GetRemainingBytes), (66 bytes).
    Removing fsl_dma.o(.ARM.exidx.text.DMA_GetRemainingBytes), (8 bytes).
    Removing fsl_dma.o(.text.DMA_SetupDescriptor), (110 bytes).
    Removing fsl_dma.o(.ARM.exidx.text.DMA_SetupDescriptor), (8 bytes).
    Removing fsl_dma.o(.text.DMA_SetupChannelDescriptor), (224 bytes).
    Removing fsl_dma.o(.ARM.exidx.text.DMA_SetupChannelDescriptor), (8 bytes).
    Removing fsl_dma.o(.text.DMA_CreateDescriptor), (262 bytes).
    Removing fsl_dma.o(.ARM.exidx.text.DMA_CreateDescriptor), (8 bytes).
    Removing fsl_dma.o(.text.DMA_AbortTransfer), (82 bytes).
    Removing fsl_dma.o(.ARM.exidx.text.DMA_AbortTransfer), (8 bytes).
    Removing fsl_dma.o(.text.DMA_CreateHandle), (156 bytes).
    Removing fsl_dma.o(.ARM.exidx.text.DMA_CreateHandle), (8 bytes).
    Removing fsl_dma.o(.text.DMA_SetCallback), (6 bytes).
    Removing fsl_dma.o(.ARM.exidx.text.DMA_SetCallback), (8 bytes).
    Removing fsl_dma.o(.text.DMA_PrepareTransfer), (114 bytes).
    Removing fsl_dma.o(.ARM.exidx.text.DMA_PrepareTransfer), (8 bytes).
    Removing fsl_dma.o(.text.DMA_SetChannelConfig), (70 bytes).
    Removing fsl_dma.o(.ARM.exidx.text.DMA_SetChannelConfig), (8 bytes).
    Removing fsl_dma.o(.text.DMA_PrepareChannelTransfer), (52 bytes).
    Removing fsl_dma.o(.ARM.exidx.text.DMA_PrepareChannelTransfer), (8 bytes).
    Removing fsl_dma.o(.text.DMA_LoadChannelDescriptor), (78 bytes).
    Removing fsl_dma.o(.ARM.exidx.text.DMA_LoadChannelDescriptor), (8 bytes).
    Removing fsl_dma.o(.text.DMA_InstallDescriptorMemory), (4 bytes).
    Removing fsl_dma.o(.ARM.exidx.text.DMA_InstallDescriptorMemory), (8 bytes).
    Removing fsl_dma.o(.text.DMA_SubmitChannelTransferParameter), (176 bytes).
    Removing fsl_dma.o(.ARM.exidx.text.DMA_SubmitChannelTransferParameter), (8 bytes).
    Removing fsl_dma.o(.text.DMA_SubmitChannelDescriptor), (82 bytes).
    Removing fsl_dma.o(.ARM.exidx.text.DMA_SubmitChannelDescriptor), (8 bytes).
    Removing fsl_dma.o(.text.DMA_SubmitChannelTransfer), (198 bytes).
    Removing fsl_dma.o(.ARM.exidx.text.DMA_SubmitChannelTransfer), (8 bytes).
    Removing fsl_dma.o(.text.DMA_SubmitTransfer), (140 bytes).
    Removing fsl_dma.o(.ARM.exidx.text.DMA_SubmitTransfer), (8 bytes).
    Removing fsl_dma.o(.text.DMA_StartTransfer), (60 bytes).
    Removing fsl_dma.o(.ARM.exidx.text.DMA_StartTransfer), (8 bytes).
    Removing fsl_dma.o(.ARM.exidx.text.DMA_IRQHandle), (8 bytes).
    Removing fsl_dma.o(.ARM.exidx.text.DMA0_DriverIRQHandler), (8 bytes).
    Removing fsl_dma.o(.ARM.exidx.text.DMA1_DriverIRQHandler), (8 bytes).
    Removing fsl_dma.o(.rodata.cst4), (4 bytes).
    Removing fsl_dma.o(.rodata.s_dma_descriptor_table), (8 bytes).
    Removing fsl_dma.o(.bss.s_dma_descriptor_table0), (368 bytes).
    Removing fsl_dma.o(.bss.s_dma_descriptor_table1), (368 bytes).
    Removing fsl_gint.o(.text), (0 bytes).
    Removing fsl_gint.o(.text.GINT_Init), (96 bytes).
    Removing fsl_gint.o(.ARM.exidx.text.GINT_Init), (8 bytes).
    Removing fsl_gint.o(.text.GINT_SetCtrl), (56 bytes).
    Removing fsl_gint.o(.ARM.exidx.text.GINT_SetCtrl), (8 bytes).
    Removing fsl_gint.o(.text.GINT_GetCtrl), (68 bytes).
    Removing fsl_gint.o(.ARM.exidx.text.GINT_GetCtrl), (8 bytes).
    Removing fsl_gint.o(.text.GINT_ConfigPins), (10 bytes).
    Removing fsl_gint.o(.ARM.exidx.text.GINT_ConfigPins), (8 bytes).
    Removing fsl_gint.o(.text.GINT_GetConfigPins), (14 bytes).
    Removing fsl_gint.o(.ARM.exidx.text.GINT_GetConfigPins), (8 bytes).
    Removing fsl_gint.o(.text.GINT_EnableCallback), (86 bytes).
    Removing fsl_gint.o(.ARM.exidx.text.GINT_EnableCallback), (8 bytes).
    Removing fsl_gint.o(.text.GINT_DisableCallback), (100 bytes).
    Removing fsl_gint.o(.ARM.exidx.text.GINT_DisableCallback), (8 bytes).
    Removing fsl_gint.o(.text.GINT_Deinit), (162 bytes).
    Removing fsl_gint.o(.ARM.exidx.text.GINT_Deinit), (8 bytes).
    Removing fsl_gint.o(.ARM.exidx.text.GINT0_DriverIRQHandler), (8 bytes).
    Removing fsl_gint.o(.ARM.exidx.text.GINT1_DriverIRQHandler), (8 bytes).
    Removing fsl_gint.o(.rodata.cst4), (4 bytes).
    Removing fsl_gint.o(.rodata.cst8), (8 bytes).
    Removing fsl_gint.o(.rodata.s_gintIRQ), (2 bytes).
    Removing fsl_pint.o(.text), (0 bytes).
    Removing fsl_pint.o(.ARM.exidx.text.PINT_Init), (8 bytes).
    Removing fsl_pint.o(.ARM.exidx.text.PINT_PinInterruptConfig), (8 bytes).
    Removing fsl_pint.o(.text.PINT_PinInterruptGetConfig), (84 bytes).
    Removing fsl_pint.o(.ARM.exidx.text.PINT_PinInterruptGetConfig), (8 bytes).
    Removing fsl_pint.o(.text.PINT_PatternMatchConfig), (96 bytes).
    Removing fsl_pint.o(.ARM.exidx.text.PINT_PatternMatchConfig), (8 bytes).
    Removing fsl_pint.o(.text.PINT_PatternMatchGetConfig), (84 bytes).
    Removing fsl_pint.o(.ARM.exidx.text.PINT_PatternMatchGetConfig), (8 bytes).
    Removing fsl_pint.o(.text.PINT_PatternMatchResetDetectLogic), (20 bytes).
    Removing fsl_pint.o(.ARM.exidx.text.PINT_PatternMatchResetDetectLogic), (8 bytes).
    Removing fsl_pint.o(.text.PINT_PinInterruptClrStatus), (24 bytes).
    Removing fsl_pint.o(.ARM.exidx.text.PINT_PinInterruptClrStatus), (8 bytes).
    Removing fsl_pint.o(.text.PINT_PinInterruptClrStatusAll), (184 bytes).
    Removing fsl_pint.o(.ARM.exidx.text.PINT_PinInterruptClrStatusAll), (8 bytes).
    Removing fsl_pint.o(.text.PINT_EnableCallback), (218 bytes).
    Removing fsl_pint.o(.ARM.exidx.text.PINT_EnableCallback), (8 bytes).
    Removing fsl_pint.o(.ARM.exidx.text.PINT_EnableCallbackByIndex), (8 bytes).
    Removing fsl_pint.o(.text.PINT_DisableCallback), (314 bytes).
    Removing fsl_pint.o(.ARM.exidx.text.PINT_DisableCallback), (8 bytes).
    Removing fsl_pint.o(.text.PINT_DisableCallbackByIndex), (78 bytes).
    Removing fsl_pint.o(.ARM.exidx.text.PINT_DisableCallbackByIndex), (8 bytes).
    Removing fsl_pint.o(.text.PINT_Deinit), (88 bytes).
    Removing fsl_pint.o(.ARM.exidx.text.PINT_Deinit), (8 bytes).
    Removing fsl_pint.o(.ARM.exidx.text.SEC_GPIO_INT0_IRQ0_DriverIRQHandler), (8 bytes).
    Removing fsl_pint.o(.ARM.exidx.text.SEC_GPIO_INT0_IRQ1_DriverIRQHandler), (8 bytes).
    Removing fsl_pint.o(.ARM.exidx.text.PIN_INT0_DriverIRQHandler), (8 bytes).
    Removing fsl_pint.o(.ARM.exidx.text.PIN_INT1_DriverIRQHandler), (8 bytes).
    Removing fsl_pint.o(.ARM.exidx.text.PIN_INT2_DriverIRQHandler), (8 bytes).
    Removing fsl_pint.o(.ARM.exidx.text.PIN_INT3_DriverIRQHandler), (8 bytes).
    Removing fsl_pint.o(.ARM.exidx.text.PIN_INT4_DriverIRQHandler), (8 bytes).
    Removing fsl_pint.o(.ARM.exidx.text.PIN_INT5_DriverIRQHandler), (8 bytes).
    Removing fsl_pint.o(.ARM.exidx.text.PIN_INT6_DriverIRQHandler), (8 bytes).
    Removing fsl_pint.o(.ARM.exidx.text.PIN_INT7_DriverIRQHandler), (8 bytes).
    Removing fsl_inputmux.o(.text), (0 bytes).
    Removing fsl_inputmux.o(.ARM.exidx.text.INPUTMUX_Init), (8 bytes).
    Removing fsl_inputmux.o(.ARM.exidx.text.INPUTMUX_AttachSignal), (8 bytes).
    Removing fsl_inputmux.o(.ARM.exidx.text.INPUTMUX_Deinit), (8 bytes).
    Removing mcmgr.o(.text), (0 bytes).
    Removing mcmgr.o(.text.MCMGR_RegisterEvent), (30 bytes).
    Removing mcmgr.o(.ARM.exidx.text.MCMGR_RegisterEvent), (8 bytes).
    Removing mcmgr.o(.ARM.exidx.text.MCMGR_TriggerEvent), (8 bytes).
    Removing mcmgr.o(.text.MCMGR_TriggerEventForce), (46 bytes).
    Removing mcmgr.o(.ARM.exidx.text.MCMGR_TriggerEventForce), (8 bytes).
    Removing mcmgr.o(.ARM.exidx.text.MCMGR_EarlyInit), (8 bytes).
    Removing mcmgr.o(.text.MCMGR_GetCurrentCore), (4 bytes).
    Removing mcmgr.o(.ARM.exidx.text.MCMGR_GetCurrentCore), (8 bytes).
    Removing mcmgr.o(.ARM.exidx.text.MCMGR_Init), (8 bytes).
    Removing mcmgr.o(.ARM.exidx.text.MCMGR_StartupDataEventHandler), (8 bytes).
    Removing mcmgr.o(.ARM.exidx.text.MCMGR_FeedStartupDataEventHandler), (8 bytes).
    Removing mcmgr.o(.text.MCMGR_StartCore), (114 bytes).
    Removing mcmgr.o(.ARM.exidx.text.MCMGR_StartCore), (8 bytes).
    Removing mcmgr.o(.ARM.exidx.text.MCMGR_GetStartupData), (8 bytes).
    Removing mcmgr.o(.text.MCMGR_StopCore), (22 bytes).
    Removing mcmgr.o(.ARM.exidx.text.MCMGR_StopCore), (8 bytes).
    Removing mcmgr.o(.text.MCMGR_GetVersion), (10 bytes).
    Removing mcmgr.o(.ARM.exidx.text.MCMGR_GetVersion), (8 bytes).
    Removing mcmgr.o(.text.MCMGR_GetCoreProperty), (24 bytes).
    Removing mcmgr.o(.ARM.exidx.text.MCMGR_GetCoreProperty), (8 bytes).
    Removing mcmgr.o(.text.MCMGR_GetCoreCount), (12 bytes).
    Removing mcmgr.o(.ARM.exidx.text.MCMGR_GetCoreCount), (8 bytes).
    Removing mcmgr_internal_core_api_lpc55s69.o(.text), (0 bytes).
    Removing mcmgr_internal_core_api_lpc55s69.o(.ARM.exidx.text.mcmgr_early_init_internal), (8 bytes).
    Removing mcmgr_internal_core_api_lpc55s69.o(.ARM.exidx.text.mcmgr_late_init_internal), (8 bytes).
    Removing mcmgr_internal_core_api_lpc55s69.o(.text.mcmgr_start_core_internal), (64 bytes).
    Removing mcmgr_internal_core_api_lpc55s69.o(.ARM.exidx.text.mcmgr_start_core_internal), (8 bytes).
    Removing mcmgr_internal_core_api_lpc55s69.o(.ARM.exidx.text.mcmgr_get_startup_data_internal), (8 bytes).
    Removing mcmgr_internal_core_api_lpc55s69.o(.text.mcmgr_stop_core_internal), (38 bytes).
    Removing mcmgr_internal_core_api_lpc55s69.o(.ARM.exidx.text.mcmgr_stop_core_internal), (8 bytes).
    Removing mcmgr_internal_core_api_lpc55s69.o(.text.mcmgr_get_core_property_internal), (4 bytes).
    Removing mcmgr_internal_core_api_lpc55s69.o(.ARM.exidx.text.mcmgr_get_core_property_internal), (8 bytes).
    Removing mcmgr_internal_core_api_lpc55s69.o(.ARM.exidx.text.mcmgr_get_current_core_internal), (8 bytes).
    Removing mcmgr_internal_core_api_lpc55s69.o(.ARM.exidx.text.mcmgr_trigger_event_internal), (8 bytes).
    Removing mcmgr_internal_core_api_lpc55s69.o(.ARM.exidx.text.MAILBOX_IRQHandler), (8 bytes).
    Removing mcmgr_internal_core_api_lpc55s69.o(.ARM.exidx.text.DefaultISR), (8 bytes).
    Removing mcmgr_internal_core_api_lpc55s69.o(.ARM.exidx.text.HardFault_Handler), (8 bytes).
    Removing mcmgr_internal_core_api_lpc55s69.o(.ARM.exidx.text.NMI_Handler), (8 bytes).
    Removing mcmgr_internal_core_api_lpc55s69.o(.ARM.exidx.text.MemManage_Handler), (8 bytes).
    Removing mcmgr_internal_core_api_lpc55s69.o(.ARM.exidx.text.BusFault_Handler), (8 bytes).
    Removing mcmgr_internal_core_api_lpc55s69.o(.ARM.exidx.text.UsageFault_Handler), (8 bytes).
    Removing main_core1.o(.text), (0 bytes).
    Removing main_core1.o(.text.delay), (34 bytes).
    Removing main_core1.o(.ARM.exidx.text.delay), (8 bytes).
    Removing main_core1.o(.ARM.exidx.text.SystemInitHook), (8 bytes).
    Removing main_core1.o(.ARM.exidx.text.pint_intr_callback), (8 bytes).
    Removing main_core1.o(.text.xpt2046_read_ad_value), (144 bytes).
    Removing main_core1.o(.ARM.exidx.text.xpt2046_read_ad_value), (8 bytes).
    Removing main_core1.o(.ARM.exidx.text.xpt2046_read_average), (8 bytes).
    Removing main_core1.o(.text.xpt2046_read_xy), (24 bytes).
    Removing main_core1.o(.ARM.exidx.text.xpt2046_read_xy), (8 bytes).
    Removing main_core1.o(.text.xpt2046_twice_read_xy), (192 bytes).
    Removing main_core1.o(.ARM.exidx.text.xpt2046_twice_read_xy), (8 bytes).
    Removing main_core1.o(.text.xpt2046_init), (120 bytes).
    Removing main_core1.o(.ARM.exidx.text.xpt2046_init), (8 bytes).
    Removing main_core1.o(.ARM.exidx.text.main), (8 bytes).
    Removing main_core1.o(.ARM.use_no_argv), (4 bytes).
    Removing fsl_assert.o(.text), (0 bytes).
    Removing fsl_debug_console.o(.text), (0 bytes).
    Removing fsl_debug_console.o(.text.DbgConsole_ReadOneCharacter), (28 bytes).
    Removing fsl_debug_console.o(.ARM.exidx.text.DbgConsole_ReadOneCharacter), (8 bytes).
    Removing fsl_debug_console.o(.text.DbgConsole_SendData), (34 bytes).
    Removing fsl_debug_console.o(.ARM.exidx.text.DbgConsole_SendData), (8 bytes).
    Removing fsl_debug_console.o(.text.DbgConsole_SendDataReliable), (48 bytes).
    Removing fsl_debug_console.o(.ARM.exidx.text.DbgConsole_SendDataReliable), (8 bytes).
    Removing fsl_debug_console.o(.text.DbgConsole_ReadLine), (104 bytes).
    Removing fsl_debug_console.o(.ARM.exidx.text.DbgConsole_ReadLine), (8 bytes).
    Removing fsl_debug_console.o(.text.DbgConsole_ReadCharacter), (48 bytes).
    Removing fsl_debug_console.o(.ARM.exidx.text.DbgConsole_ReadCharacter), (8 bytes).
    Removing fsl_debug_console.o(.text.DbgConsole_Init), (110 bytes).
    Removing fsl_debug_console.o(.ARM.exidx.text.DbgConsole_Init), (8 bytes).
    Removing fsl_debug_console.o(.text.DbgConsole_Deinit), (58 bytes).
    Removing fsl_debug_console.o(.ARM.exidx.text.DbgConsole_Deinit), (8 bytes).
    Removing fsl_debug_console.o(.text.DbgConsole_Flush), (4 bytes).
    Removing fsl_debug_console.o(.ARM.exidx.text.DbgConsole_Flush), (8 bytes).
    Removing fsl_debug_console.o(.text.DbgConsole_Printf), (100 bytes).
    Removing fsl_debug_console.o(.ARM.exidx.text.DbgConsole_Printf), (8 bytes).
    Removing fsl_debug_console.o(.text.DbgConsole_PrintCallback), (76 bytes).
    Removing fsl_debug_console.o(.ARM.exidx.text.DbgConsole_PrintCallback), (8 bytes).
    Removing fsl_debug_console.o(.text.DbgConsole_Putchar), (52 bytes).
    Removing fsl_debug_console.o(.ARM.exidx.text.DbgConsole_Putchar), (8 bytes).
    Removing fsl_debug_console.o(.text.DbgConsole_Scanf), (130 bytes).
    Removing fsl_debug_console.o(.ARM.exidx.text.DbgConsole_Scanf), (8 bytes).
    Removing fsl_debug_console.o(.text.DbgConsole_BlockingPrintf), (92 bytes).
    Removing fsl_debug_console.o(.ARM.exidx.text.DbgConsole_BlockingPrintf), (8 bytes).
    Removing fsl_debug_console.o(.text.DbgConsole_Getchar), (46 bytes).
    Removing fsl_debug_console.o(.ARM.exidx.text.DbgConsole_Getchar), (8 bytes).
    Removing fsl_debug_console.o(.bss..L_MergedGlobals), (32 bytes).
    Removing fsl_str.o(.text), (0 bytes).
    Removing fsl_str.o(.text.StrFormatPrintf), (1058 bytes).
    Removing fsl_str.o(.ARM.exidx.text.StrFormatPrintf), (8 bytes).
    Removing fsl_str.o(.text.StrFormatScanf), (1474 bytes).
    Removing fsl_str.o(.ARM.exidx.text.StrFormatScanf), (8 bytes).
    Removing lcd.o(.text), (0 bytes).
    Removing lcd.o(.ARM.exidx.text.lcd_write_byte), (8 bytes).
    Removing lcd.o(.text.lcd_write_word), (64 bytes).
    Removing lcd.o(.ARM.exidx.text.lcd_write_word), (8 bytes).
    Removing lcd.o(.text.lcd_write_reg), (158 bytes).
    Removing lcd.o(.ARM.exidx.text.lcd_write_reg), (8 bytes).
    Removing lcd.o(.text.lcd_hardware_init), (150 bytes).
    Removing lcd.o(.ARM.exidx.text.lcd_hardware_init), (8 bytes).
    Removing lcd.o(.ARM.exidx.text.lcd_set_cursor), (8 bytes).
    Removing lcd.o(.text.lcd_clear_screen), (314 bytes).
    Removing lcd.o(.ARM.exidx.text.lcd_clear_screen), (8 bytes).
    Removing lcd.o(.text.lcd_draw_point), (138 bytes).
    Removing lcd.o(.ARM.exidx.text.lcd_draw_point), (8 bytes).
    Removing lcd.o(.text.lcd_clear_block), (308 bytes).
    Removing lcd.o(.ARM.exidx.text.lcd_clear_block), (8 bytes).
    Removing lcd.o(.text.lcd_display_char), (494 bytes).
    Removing lcd.o(.ARM.exidx.text.lcd_display_char), (8 bytes).
    Removing lcd.o(.text.lcd_display_num), (274 bytes).
    Removing lcd.o(.ARM.exidx.text.lcd_display_num), (8 bytes).
    Removing lcd.o(.text.lcd_display_string), (494 bytes).
    Removing lcd.o(.ARM.exidx.text.lcd_display_string), (8 bytes).
    Removing lcd.o(.text.lcd_init), (8348 bytes).
    Removing lcd.o(.ARM.exidx.text.lcd_init), (8 bytes).
    Removing lcd.o(.text.lcd_refresh_init), (152 bytes).
    Removing lcd.o(.ARM.exidx.text.lcd_refresh_init), (8 bytes).
    Removing lcd.o(.text.lcd_refresh_icon), (282 bytes).
    Removing lcd.o(.ARM.exidx.text.lcd_refresh_icon), (8 bytes).
    Removing lcd.o(.ARM.exidx.text.lcd_refresh), (8 bytes).
    Removing lcd.o(.bss.g_LCDDispBuf), (46080 bytes).
    Removing lcd.o(.bss.g_LCDDelayMsCnt), (4 bytes).
    Removing lcd_fonts.o(.text), (0 bytes).
    Removing lcd_fonts.o(.rodata.Font1206), (1140 bytes).
    Removing lcd_fonts.o(.rodata.Font1608), (1520 bytes).
    Removing fsl_power_lib.o(.text), (0 bytes).
    Removing fsl_power_lib.o(.text.POWER_CycleCpuAndFlash), (32 bytes).
    Removing fsl_power_lib.o(.ARM.exidx.text.POWER_CycleCpuAndFlash), (8 bytes).
    Removing fsl_power_lib.o(.text.POWER_EnterDeepSleep), (228 bytes).
    Removing fsl_power_lib.o(.ARM.exidx.text.POWER_EnterDeepSleep), (8 bytes).
    Removing fsl_power_lib.o(.text.lf_set_ldo_ao_ldo_mem_voltage), (88 bytes).
    Removing fsl_power_lib.o(.ARM.exidx.text.lf_set_ldo_ao_ldo_mem_voltage), (8 bytes).
    Removing fsl_power_lib.o(.text.POWER_EnterLowPower), (136 bytes).
    Removing fsl_power_lib.o(.ARM.exidx.text.POWER_EnterLowPower), (8 bytes).
    Removing fsl_power_lib.o(.text.POWER_EnterPowerDown), (316 bytes).
    Removing fsl_power_lib.o(.ARM.exidx.text.POWER_EnterPowerDown), (8 bytes).
    Removing fsl_power_lib.o(.text.POWER_EnterDeepPowerDown), (456 bytes).
    Removing fsl_power_lib.o(.ARM.exidx.text.POWER_EnterDeepPowerDown), (8 bytes).
    Removing fsl_power_lib.o(.text.POWER_EnterSleep), (32 bytes).
    Removing fsl_power_lib.o(.ARM.exidx.text.POWER_EnterSleep), (8 bytes).
    Removing fsl_power_lib.o(.text.POWER_GetLibVersion), (6 bytes).
    Removing fsl_power_lib.o(.ARM.exidx.text.POWER_GetLibVersion), (8 bytes).
    Removing fsl_power_lib.o(.text.POWER_SetVoltageForFreq), (72 bytes).
    Removing fsl_power_lib.o(.ARM.exidx.text.POWER_SetVoltageForFreq), (8 bytes).
    Removing fsl_power_lib.o(.text.lowpower_set_dcdc_power_profile), (76 bytes).
    Removing fsl_power_lib.o(.ARM.exidx.text.lowpower_set_dcdc_power_profile), (8 bytes).
    Removing fsl_power_lib.o(.text.lowpower_set_voltage_for_process), (152 bytes).
    Removing fsl_power_lib.o(.ARM.exidx.text.lowpower_set_voltage_for_process), (8 bytes).
    Removing fsl_power_lib.o(.text.POWER_Xtal16mhzCapabankTrim), (36 bytes).
    Removing fsl_power_lib.o(.ARM.exidx.text.POWER_Xtal16mhzCapabankTrim), (8 bytes).
    Removing fsl_power_lib.o(.text.POWER_SetXtal16mhzLdo), (40 bytes).
    Removing fsl_power_lib.o(.ARM.exidx.text.POWER_SetXtal16mhzLdo), (8 bytes).
    Removing fsl_power_lib.o(.text.POWER_Xtal32khzCapabankTrim), (16 bytes).
    Removing fsl_power_lib.o(.ARM.exidx.text.POWER_Xtal32khzCapabankTrim), (8 bytes).
    Removing fsl_power_lib.o(.text.POWER_SetXtal16mhzTrim), (28 bytes).
    Removing fsl_power_lib.o(.ARM.exidx.text.POWER_SetXtal16mhzTrim), (8 bytes).
    Removing fsl_power_lib.o(.text.lowpower_set_system_voltage), (212 bytes).
    Removing fsl_power_lib.o(.ARM.exidx.text.lowpower_set_system_voltage), (8 bytes).
    Removing fadd.o(.text), (176 bytes).
    Removing fmul.o(.text), (100 bytes).
    Removing fdiv.o(.text), (124 bytes).
    Removing fcmpeq.o(.text), (28 bytes).
    Removing ffltui.o(.text), (10 bytes).
    Removing ffixui.o(.text), (40 bytes).
    Removing fepilogue.o(.text), (110 bytes).

618 unused section(s) (total 96672 bytes) removed from the image.

==============================================================================

Image Symbol Table

    Local Symbols

    Symbol Name                              Value     Ov Type        Size  Object(Section)

    ../clib/microlib/division.c              0x00000000   Number         0  uldiv.o ABSOLUTE
    ../clib/microlib/init/entry.s            0x00000000   Number         0  entry.o ABSOLUTE
    ../clib/microlib/init/entry.s            0x00000000   Number         0  entry4.o ABSOLUTE
    ../clib/microlib/init/entry.s            0x00000000   Number         0  entry5.o ABSOLUTE
    ../clib/microlib/init/entry.s            0x00000000   Number         0  entry7a.o ABSOLUTE
    ../clib/microlib/init/entry.s            0x00000000   Number         0  entry7b.o ABSOLUTE
    ../clib/microlib/init/entry.s            0x00000000   Number         0  entry8a.o ABSOLUTE
    ../clib/microlib/init/entry.s            0x00000000   Number         0  entry8b.o ABSOLUTE
    ../clib/microlib/init/entry.s            0x00000000   Number         0  entry9a.o ABSOLUTE
    ../clib/microlib/init/entry.s            0x00000000   Number         0  entry9b.o ABSOLUTE
    ../clib/microlib/init/entry.s            0x00000000   Number         0  entry10a.o ABSOLUTE
    ../clib/microlib/init/entry.s            0x00000000   Number         0  entry10b.o ABSOLUTE
    ../clib/microlib/init/entry.s            0x00000000   Number         0  entry11a.o ABSOLUTE
    ../clib/microlib/init/entry.s            0x00000000   Number         0  entry11b.o ABSOLUTE
    ../clib/microlib/longlong.c              0x00000000   Number         0  llshl.o ABSOLUTE
    ../clib/microlib/longlong.c              0x00000000   Number         0  llushr.o ABSOLUTE
    ../clib/microlib/malloc/malloc.c         0x00000000   Number         0  malloc2.o ABSOLUTE
    ../clib/microlib/malloc/malloc.c         0x00000000   Number         0  mallocr2.o ABSOLUTE
    ../clib/microlib/malloc/malloc.c         0x00000000   Number         0  malloca2.o ABSOLUTE
    ../clib/microlib/malloc/malloc.c         0x00000000   Number         0  mallocra2.o ABSOLUTE
    ../clib/microlib/malloc/mvars.c          0x00000000   Number         0  mvars.o ABSOLUTE
    ../clib/microlib/string/memcpy.c         0x00000000   Number         0  memcpya.o ABSOLUTE
    ../clib/microlib/string/memcpy.c         0x00000000   Number         0  memcpyb.o ABSOLUTE
    ../clib/microlib/string/memset.c         0x00000000   Number         0  memset.o ABSOLUTE
    ../clib/microlib/string/memset.c         0x00000000   Number         0  memseta.o ABSOLUTE
    ../clib/microlib/string/strlen.c         0x00000000   Number         0  strlen.o ABSOLUTE
    ../clib/microlib/stubs.s                 0x00000000   Number         0  iusefp.o ABSOLUTE
    ../fplib/microlib/fpadd.c                0x00000000   Number         0  fadd.o ABSOLUTE
    ../fplib/microlib/fpcmp.c                0x00000000   Number         0  fcmpeq.o ABSOLUTE
    ../fplib/microlib/fpdiv.c                0x00000000   Number         0  fdiv.o ABSOLUTE
    ../fplib/microlib/fpepilogue.c           0x00000000   Number         0  fepilogue.o ABSOLUTE
    ../fplib/microlib/fpfix.c                0x00000000   Number         0  ffixui.o ABSOLUTE
    ../fplib/microlib/fpflt.c                0x00000000   Number         0  ffltui.o ABSOLUTE
    ../fplib/microlib/fpmul.c                0x00000000   Number         0  fmul.o ABSOLUTE
    board.c                                  0x00000000   Number         0  board.o ABSOLUTE
    clock_config.c                           0x00000000   Number         0  clock_config.o ABSOLUTE
    dc.s                                     0x00000000   Number         0  dc.o ABSOLUTE
    fsl_assert.c                             0x00000000   Number         0  fsl_assert.o ABSOLUTE
    fsl_clock.c                              0x00000000   Number         0  fsl_clock.o ABSOLUTE
    fsl_common.c                             0x00000000   Number         0  fsl_common.o ABSOLUTE
    fsl_debug_console.c                      0x00000000   Number         0  fsl_debug_console.o ABSOLUTE
    fsl_dma.c                                0x00000000   Number         0  fsl_dma.o ABSOLUTE
    fsl_flexcomm.c                           0x00000000   Number         0  fsl_flexcomm.o ABSOLUTE
    fsl_gint.c                               0x00000000   Number         0  fsl_gint.o ABSOLUTE
    fsl_gpio.c                               0x00000000   Number         0  fsl_gpio.o ABSOLUTE
    fsl_inputmux.c                           0x00000000   Number         0  fsl_inputmux.o ABSOLUTE
    fsl_pint.c                               0x00000000   Number         0  fsl_pint.o ABSOLUTE
    fsl_power.c                              0x00000000   Number         0  fsl_power.o ABSOLUTE
    fsl_power_lib.c                          0x00000000   Number         0  fsl_power_lib.o ABSOLUTE
    fsl_reset.c                              0x00000000   Number         0  fsl_reset.o ABSOLUTE
    fsl_spi.c                                0x00000000   Number         0  fsl_spi.o ABSOLUTE
    fsl_spi_dma.c                            0x00000000   Number         0  fsl_spi_dma.o ABSOLUTE
    fsl_str.c                                0x00000000   Number         0  fsl_str.o ABSOLUTE
    fsl_usart.c                              0x00000000   Number         0  fsl_usart.o ABSOLUTE
    generic_list.c                           0x00000000   Number         0  generic_list.o ABSOLUTE
    handlers.s                               0x00000000   Number         0  handlers.o ABSOLUTE
    init.s                                   0x00000000   Number         0  init.o ABSOLUTE
    lcd.c                                    0x00000000   Number         0  lcd.o ABSOLUTE
    lcd_fonts.c                              0x00000000   Number         0  lcd_fonts.o ABSOLUTE
    main_core1.c                             0x00000000   Number         0  main_core1.o ABSOLUTE
    mcmgr.c                                  0x00000000   Number         0  mcmgr.o ABSOLUTE
    mcmgr_internal_core_api_lpc55s69.c       0x00000000   Number         0  mcmgr_internal_core_api_lpc55s69.o ABSOLUTE
    pin_mux.c                                0x00000000   Number         0  pin_mux.o ABSOLUTE
    serial_manager.c                         0x00000000   Number         0  serial_manager.o ABSOLUTE
    serial_port_uart.c                       0x00000000   Number         0  serial_port_uart.o ABSOLUTE
    system_LPC55S69_cm33_core1.c             0x00000000   Number         0  system_lpc55s69_cm33_core1.o ABSOLUTE
    usart_adapter.c                          0x00000000   Number         0  usart_adapter.o ABSOLUTE
    [Anonymous Symbol]                       0x04000000   Section        0  startup_lpc55s69_cm33_core1.o(.isr_vector)
    .ARM.Collect$$$$00000000                 0x04000200   Section        0  entry.o(.ARM.Collect$$$$00000000)
    .ARM.Collect$$$$00000003                 0x04000200   Section        4  entry4.o(.ARM.Collect$$$$00000003)
    .ARM.Collect$$$$00000004                 0x04000204   Section        4  entry5.o(.ARM.Collect$$$$00000004)
    .ARM.Collect$$$$00000008                 0x04000208   Section        0  entry7b.o(.ARM.Collect$$$$00000008)
    .ARM.Collect$$$$0000000A                 0x04000208   Section        0  entry8b.o(.ARM.Collect$$$$0000000A)
    .ARM.Collect$$$$0000000B                 0x04000208   Section        8  entry9a.o(.ARM.Collect$$$$0000000B)
    __lit__00000000                          0x04000210   Data           4  entry4.o(.ARM.Collect$$$$00002714)
    .ARM.Collect$$$$0000000D                 0x04000210   Section        0  entry10a.o(.ARM.Collect$$$$0000000D)
    .ARM.Collect$$$$0000000F                 0x04000210   Section        0  entry11a.o(.ARM.Collect$$$$0000000F)
    .ARM.Collect$$$$00002714                 0x04000210   Section        4  entry4.o(.ARM.Collect$$$$00002714)
    [Anonymous Symbol]                       0x04000214   Section        0  startup_lpc55s69_cm33_core1.o(.text)
    .text                                    0x04000440   Section       36  init.o(.text)
    [Anonymous Symbol]                       0x04000464   Section        0  mcmgr_internal_core_api_lpc55s69.o(.text.BusFault_Handler)
    [Anonymous Symbol]                       0x04000468   Section        0  fsl_dma.o(.text.DMA0_DriverIRQHandler)
    [Anonymous Symbol]                       0x04000474   Section        0  fsl_dma.o(.text.DMA1_DriverIRQHandler)
    [Anonymous Symbol]                       0x04000480   Section        0  fsl_dma.o(.text.DMA_IRQHandle)
    [Anonymous Symbol]                       0x04000558   Section        0  mcmgr_internal_core_api_lpc55s69.o(.text.DefaultISR)
    [Anonymous Symbol]                       0x04000568   Section        0  fsl_flexcomm.o(.text.FLEXCOMM0_DriverIRQHandler)
    [Anonymous Symbol]                       0x04000580   Section        0  fsl_flexcomm.o(.text.FLEXCOMM1_DriverIRQHandler)
    [Anonymous Symbol]                       0x04000598   Section        0  fsl_flexcomm.o(.text.FLEXCOMM2_DriverIRQHandler)
    [Anonymous Symbol]                       0x040005b0   Section        0  fsl_flexcomm.o(.text.FLEXCOMM3_DriverIRQHandler)
    [Anonymous Symbol]                       0x040005c8   Section        0  fsl_flexcomm.o(.text.FLEXCOMM4_DriverIRQHandler)
    [Anonymous Symbol]                       0x040005e0   Section        0  fsl_flexcomm.o(.text.FLEXCOMM5_DriverIRQHandler)
    [Anonymous Symbol]                       0x040005f8   Section        0  fsl_flexcomm.o(.text.FLEXCOMM6_DriverIRQHandler)
    [Anonymous Symbol]                       0x04000610   Section        0  fsl_flexcomm.o(.text.FLEXCOMM7_DriverIRQHandler)
    [Anonymous Symbol]                       0x04000628   Section        0  fsl_flexcomm.o(.text.FLEXCOMM8_DriverIRQHandler)
    [Anonymous Symbol]                       0x04000640   Section        0  fsl_gint.o(.text.GINT0_DriverIRQHandler)
    [Anonymous Symbol]                       0x04000664   Section        0  fsl_gint.o(.text.GINT1_DriverIRQHandler)
    [Anonymous Symbol]                       0x04000688   Section        0  mcmgr_internal_core_api_lpc55s69.o(.text.HardFault_Handler)
    [Anonymous Symbol]                       0x0400068c   Section        0  fsl_inputmux.o(.text.INPUTMUX_AttachSignal)
    [Anonymous Symbol]                       0x0400069c   Section        0  fsl_inputmux.o(.text.INPUTMUX_Deinit)
    [Anonymous Symbol]                       0x040006ac   Section        0  fsl_inputmux.o(.text.INPUTMUX_Init)
    [Anonymous Symbol]                       0x040006bc   Section        0  mcmgr_internal_core_api_lpc55s69.o(.text.MAILBOX_IRQHandler)
    [Anonymous Symbol]                       0x040006f0   Section        0  mcmgr.o(.text.MCMGR_EarlyInit)
    MCMGR_FeedStartupDataEventHandler        0x04000711   Thumb Code   100  mcmgr.o(.text.MCMGR_FeedStartupDataEventHandler)
    [Anonymous Symbol]                       0x04000710   Section        0  mcmgr.o(.text.MCMGR_FeedStartupDataEventHandler)
    [Anonymous Symbol]                       0x04000774   Section        0  mcmgr.o(.text.MCMGR_GetStartupData)
    [Anonymous Symbol]                       0x040007c8   Section        0  mcmgr.o(.text.MCMGR_Init)
    MCMGR_StartupDataEventHandler            0x04000821   Thumb Code   104  mcmgr.o(.text.MCMGR_StartupDataEventHandler)
    [Anonymous Symbol]                       0x04000820   Section        0  mcmgr.o(.text.MCMGR_StartupDataEventHandler)
    [Anonymous Symbol]                       0x04000888   Section        0  mcmgr.o(.text.MCMGR_TriggerEvent)
    [Anonymous Symbol]                       0x040008b8   Section        0  mcmgr_internal_core_api_lpc55s69.o(.text.MemManage_Handler)
    [Anonymous Symbol]                       0x040008bc   Section        0  mcmgr_internal_core_api_lpc55s69.o(.text.NMI_Handler)
    [Anonymous Symbol]                       0x040008c0   Section        0  fsl_pint.o(.text.PINT_EnableCallbackByIndex)
    [Anonymous Symbol]                       0x04000908   Section        0  fsl_pint.o(.text.PINT_Init)
    [Anonymous Symbol]                       0x040009e0   Section        0  fsl_pint.o(.text.PINT_PinInterruptConfig)
    [Anonymous Symbol]                       0x04000a2c   Section        0  fsl_pint.o(.text.PIN_INT0_DriverIRQHandler)
    [Anonymous Symbol]                       0x04000a78   Section        0  fsl_pint.o(.text.PIN_INT1_DriverIRQHandler)
    [Anonymous Symbol]                       0x04000ac4   Section        0  fsl_pint.o(.text.PIN_INT2_DriverIRQHandler)
    [Anonymous Symbol]                       0x04000b10   Section        0  fsl_pint.o(.text.PIN_INT3_DriverIRQHandler)
    [Anonymous Symbol]                       0x04000b5c   Section        0  fsl_pint.o(.text.PIN_INT4_DriverIRQHandler)
    [Anonymous Symbol]                       0x04000ba8   Section        0  fsl_pint.o(.text.PIN_INT5_DriverIRQHandler)
    [Anonymous Symbol]                       0x04000bf4   Section        0  fsl_pint.o(.text.PIN_INT6_DriverIRQHandler)
    [Anonymous Symbol]                       0x04000c40   Section        0  fsl_pint.o(.text.PIN_INT7_DriverIRQHandler)
    [Anonymous Symbol]                       0x04000c8c   Section        0  fsl_reset.o(.text.RESET_PeripheralReset)
    [Anonymous Symbol]                       0x04000cfc   Section        0  fsl_pint.o(.text.SEC_GPIO_INT0_IRQ0_DriverIRQHandler)
    [Anonymous Symbol]                       0x04000d44   Section        0  fsl_pint.o(.text.SEC_GPIO_INT0_IRQ1_DriverIRQHandler)
    [Anonymous Symbol]                       0x04000d8c   Section        0  fsl_spi.o(.text.SPI_MasterSetBaud)
    [Anonymous Symbol]                       0x04000df0   Section        0  system_lpc55s69_cm33_core1.o(.text.SystemInit)
    [Anonymous Symbol]                       0x04000e2c   Section        0  main_core1.o(.text.SystemInitHook)
    [Anonymous Symbol]                       0x04000e30   Section        0  mcmgr_internal_core_api_lpc55s69.o(.text.UsageFault_Handler)
    [Anonymous Symbol]                       0x04000e34   Section        0  lcd.o(.text.lcd_refresh)
    [Anonymous Symbol]                       0x04000f58   Section        0  lcd.o(.text.lcd_set_cursor)
    [Anonymous Symbol]                       0x04001184   Section        0  lcd.o(.text.lcd_write_byte)
    [Anonymous Symbol]                       0x040011dc   Section        0  main_core1.o(.text.main)
    [Anonymous Symbol]                       0x04001394   Section        0  mcmgr_internal_core_api_lpc55s69.o(.text.mcmgr_early_init_internal)
    [Anonymous Symbol]                       0x040013c0   Section        0  mcmgr_internal_core_api_lpc55s69.o(.text.mcmgr_get_current_core_internal)
    [Anonymous Symbol]                       0x040013c4   Section        0  mcmgr_internal_core_api_lpc55s69.o(.text.mcmgr_get_startup_data_internal)
    [Anonymous Symbol]                       0x040013ec   Section        0  mcmgr_internal_core_api_lpc55s69.o(.text.mcmgr_late_init_internal)
    [Anonymous Symbol]                       0x0400140c   Section        0  mcmgr_internal_core_api_lpc55s69.o(.text.mcmgr_trigger_event_internal)
    [Anonymous Symbol]                       0x04001434   Section        0  main_core1.o(.text.pint_intr_callback)
    [Anonymous Symbol]                       0x04001444   Section        0  main_core1.o(.text.xpt2046_read_average)
    i.__scatterload_copy                     0x040017ba   Section       14  handlers.o(i.__scatterload_copy)
    i.__scatterload_null                     0x040017c8   Section        2  handlers.o(i.__scatterload_null)
    i.__scatterload_zeroinit                 0x040017ca   Section       14  handlers.o(i.__scatterload_zeroinit)
    s_mcmgrCores                             0x040017e4   Data          16  mcmgr_internal_core_api_lpc55s69.o(.rodata.s_mcmgrCores)
    [Anonymous Symbol]                       0x040017e4   Section        0  mcmgr_internal_core_api_lpc55s69.o(.rodata.s_mcmgrCores)
    s_pintIRQ                                0x040017f4   Data          10  fsl_pint.o(.rodata.s_pintIRQ)
    [Anonymous Symbol]                       0x040017f4   Section        0  fsl_pint.o(.rodata.s_pintIRQ)
    .L.str                                   0x040017fe   Data           5  mcmgr_internal_core_api_lpc55s69.o(.rodata.str1.1)
    [Anonymous Symbol]                       0x040017fe   Section        0  mcmgr_internal_core_api_lpc55s69.o(.rodata.str1.1)
    .L.str.1                                 0x04001803   Data          10  mcmgr_internal_core_api_lpc55s69.o(.rodata.str1.1)
    .L_MergedGlobals                         0x20040000   Data          72  fsl_flexcomm.o(.bss..L_MergedGlobals)
    s_flexcommIrqHandler                     0x20040000   Data          36  fsl_flexcomm.o(.bss..L_MergedGlobals)
    [Anonymous Symbol]                       0x20040000   Section        0  fsl_flexcomm.o(.bss..L_MergedGlobals)
    s_flexcommHandle                         0x20040024   Data          36  fsl_flexcomm.o(.bss..L_MergedGlobals)
    .L_MergedGlobals                         0x20040048   Data           8  main_core1.o(.bss..L_MergedGlobals)
    [Anonymous Symbol]                       0x20040048   Section        0  main_core1.o(.bss..L_MergedGlobals)
    s_DMAHandle                              0x2004009c   Data         184  fsl_dma.o(.bss.s_DMAHandle)
    [Anonymous Symbol]                       0x2004009c   Section        0  fsl_dma.o(.bss.s_DMAHandle)
    s_gintCallback                           0x20040154   Data           8  fsl_gint.o(.bss.s_gintCallback)
    [Anonymous Symbol]                       0x20040154   Section        0  fsl_gint.o(.bss.s_gintCallback)
    s_pintCallback                           0x2004016c   Data          40  fsl_pint.o(.bss.s_pintCallback)
    [Anonymous Symbol]                       0x2004016c   Section        0  fsl_pint.o(.bss.s_pintCallback)

    Global Symbols

    Symbol Name                              Value     Ov Type        Size  Object(Section)

    BuildAttributes$$THM_ISAv4$P$D$K$B$S$8M$PE$A:L22UL41UL21$X:L11$S22US41US21$IEEE1$IW$USESV6$~STKCKD$USESV7$~SHL$OTIME$ROPI$EBA8$MICROLIB$REQ8$PRES8$EABIv2 0x00000000   Number         0  anon$$obj.o ABSOLUTE
    __cpp_initialize__aeabi_                  - Undefined Weak Reference
    __cxa_finalize                            - Undefined Weak Reference
    __decompress                              - Undefined Weak Reference
    _clock_init                               - Undefined Weak Reference
    _microlib_exit                            - Undefined Weak Reference
    __Vectors                                0x04000000   Number       304  startup_lpc55s69_cm33_core1.o(.isr_vector)
    __main                                   0x04000201   Thumb Code     0  entry.o(.ARM.Collect$$$$00000000)
    _main_stk                                0x04000201   Thumb Code     0  entry4.o(.ARM.Collect$$$$00000003)
    _main_scatterload                        0x04000205   Thumb Code     0  entry5.o(.ARM.Collect$$$$00000004)
    __main_after_scatterload                 0x04000209   Thumb Code     0  entry5.o(.ARM.Collect$$$$00000004)
    _main_clock                              0x04000209   Thumb Code     0  entry7b.o(.ARM.Collect$$$$00000008)
    _main_cpp_init                           0x04000209   Thumb Code     0  entry8b.o(.ARM.Collect$$$$0000000A)
    _main_init                               0x04000209   Thumb Code     0  entry9a.o(.ARM.Collect$$$$0000000B)
    __rt_final_cpp                           0x04000211   Thumb Code     0  entry10a.o(.ARM.Collect$$$$0000000D)
    __rt_final_exit                          0x04000211   Thumb Code     0  entry11a.o(.ARM.Collect$$$$0000000F)
    Reset_Handler                            0x04000215   Thumb Code    32  startup_lpc55s69_cm33_core1.o(.text)
    ACMP_DriverIRQHandler                    0x04000235   Thumb Code     4  startup_lpc55s69_cm33_core1.o(.text)
    ADC0_DriverIRQHandler                    0x04000235   Thumb Code     4  startup_lpc55s69_cm33_core1.o(.text)
    CASER_DriverIRQHandler                   0x04000235   Thumb Code     4  startup_lpc55s69_cm33_core1.o(.text)
    CTIMER0_DriverIRQHandler                 0x04000235   Thumb Code     4  startup_lpc55s69_cm33_core1.o(.text)
    CTIMER1_DriverIRQHandler                 0x04000235   Thumb Code     4  startup_lpc55s69_cm33_core1.o(.text)
    CTIMER2_DriverIRQHandler                 0x04000235   Thumb Code     4  startup_lpc55s69_cm33_core1.o(.text)
    CTIMER3_DriverIRQHandler                 0x04000235   Thumb Code     4  startup_lpc55s69_cm33_core1.o(.text)
    CTIMER4_DriverIRQHandler                 0x04000235   Thumb Code     4  startup_lpc55s69_cm33_core1.o(.text)
    DebugMon_Handler                         0x04000235   Thumb Code     4  startup_lpc55s69_cm33_core1.o(.text)
    HASHCRYPT_DriverIRQHandler               0x04000235   Thumb Code     4  startup_lpc55s69_cm33_core1.o(.text)
    MAILBOX_DriverIRQHandler                 0x04000235   Thumb Code     4  startup_lpc55s69_cm33_core1.o(.text)
    MRT0_DriverIRQHandler                    0x04000235   Thumb Code     4  startup_lpc55s69_cm33_core1.o(.text)
    OS_EVENT_DriverIRQHandler                0x04000235   Thumb Code     4  startup_lpc55s69_cm33_core1.o(.text)
    PLU_DriverIRQHandler                     0x04000235   Thumb Code     4  startup_lpc55s69_cm33_core1.o(.text)
    PQ_DriverIRQHandler                      0x04000235   Thumb Code     4  startup_lpc55s69_cm33_core1.o(.text)
    PUF_DriverIRQHandler                     0x04000235   Thumb Code     4  startup_lpc55s69_cm33_core1.o(.text)
    RTC_DriverIRQHandler                     0x04000235   Thumb Code     4  startup_lpc55s69_cm33_core1.o(.text)
    Reserved39_DriverIRQHandler              0x04000235   Thumb Code     4  startup_lpc55s69_cm33_core1.o(.text)
    Reserved41_DriverIRQHandler              0x04000235   Thumb Code     4  startup_lpc55s69_cm33_core1.o(.text)
    Reserved42_DriverIRQHandler              0x04000235   Thumb Code     4  startup_lpc55s69_cm33_core1.o(.text)
    Reserved46_DriverIRQHandler              0x04000235   Thumb Code     4  startup_lpc55s69_cm33_core1.o(.text)
    Reserved55_DriverIRQHandler              0x04000235   Thumb Code     4  startup_lpc55s69_cm33_core1.o(.text)
    Reserved56_DriverIRQHandler              0x04000235   Thumb Code     4  startup_lpc55s69_cm33_core1.o(.text)
    Reserved57_DriverIRQHandler              0x04000235   Thumb Code     4  startup_lpc55s69_cm33_core1.o(.text)
    Reserved59_DriverIRQHandler              0x04000235   Thumb Code     4  startup_lpc55s69_cm33_core1.o(.text)
    Reserved60_DriverIRQHandler              0x04000235   Thumb Code     4  startup_lpc55s69_cm33_core1.o(.text)
    Reserved61_DriverIRQHandler              0x04000235   Thumb Code     4  startup_lpc55s69_cm33_core1.o(.text)
    SCT0_DriverIRQHandler                    0x04000235   Thumb Code     4  startup_lpc55s69_cm33_core1.o(.text)
    SDIO_DriverIRQHandler                    0x04000235   Thumb Code     4  startup_lpc55s69_cm33_core1.o(.text)
    SEC_HYPERVISOR_CALL_DriverIRQHandler     0x04000235   Thumb Code     4  startup_lpc55s69_cm33_core1.o(.text)
    SEC_VIO_DriverIRQHandler                 0x04000235   Thumb Code     4  startup_lpc55s69_cm33_core1.o(.text)
    SecureFault_Handler                      0x04000235   Thumb Code     4  startup_lpc55s69_cm33_core1.o(.text)
    USB0_DriverIRQHandler                    0x04000235   Thumb Code     4  startup_lpc55s69_cm33_core1.o(.text)
    USB0_NEEDCLK_DriverIRQHandler            0x04000235   Thumb Code     4  startup_lpc55s69_cm33_core1.o(.text)
    USB1_DriverIRQHandler                    0x04000235   Thumb Code     4  startup_lpc55s69_cm33_core1.o(.text)
    USB1_NEEDCLK_DriverIRQHandler            0x04000235   Thumb Code     4  startup_lpc55s69_cm33_core1.o(.text)
    USB1_PHY_DriverIRQHandler                0x04000235   Thumb Code     4  startup_lpc55s69_cm33_core1.o(.text)
    UTICK0_DriverIRQHandler                  0x04000235   Thumb Code     4  startup_lpc55s69_cm33_core1.o(.text)
    WDT_BOD_DriverIRQHandler                 0x04000235   Thumb Code     4  startup_lpc55s69_cm33_core1.o(.text)
    SVC_Handler                              0x04000241   Thumb Code     4  startup_lpc55s69_cm33_core1.o(.text)
    PendSV_Handler                           0x04000245   Thumb Code     4  startup_lpc55s69_cm33_core1.o(.text)
    SysTick_Handler                          0x04000249   Thumb Code     4  startup_lpc55s69_cm33_core1.o(.text)
    WDT_BOD_IRQHandler                       0x0400024d   Thumb Code     4  startup_lpc55s69_cm33_core1.o(.text)
    DMA0_IRQHandler                          0x04000251   Thumb Code     4  startup_lpc55s69_cm33_core1.o(.text)
    GINT0_IRQHandler                         0x04000255   Thumb Code     4  startup_lpc55s69_cm33_core1.o(.text)
    GINT1_IRQHandler                         0x04000259   Thumb Code     4  startup_lpc55s69_cm33_core1.o(.text)
    PIN_INT0_IRQHandler                      0x0400025d   Thumb Code     4  startup_lpc55s69_cm33_core1.o(.text)
    PIN_INT1_IRQHandler                      0x04000261   Thumb Code     4  startup_lpc55s69_cm33_core1.o(.text)
    PIN_INT2_IRQHandler                      0x04000265   Thumb Code     4  startup_lpc55s69_cm33_core1.o(.text)
    PIN_INT3_IRQHandler                      0x04000269   Thumb Code     4  startup_lpc55s69_cm33_core1.o(.text)
    UTICK0_IRQHandler                        0x0400026d   Thumb Code     4  startup_lpc55s69_cm33_core1.o(.text)
    MRT0_IRQHandler                          0x04000271   Thumb Code     4  startup_lpc55s69_cm33_core1.o(.text)
    CTIMER0_IRQHandler                       0x04000275   Thumb Code     4  startup_lpc55s69_cm33_core1.o(.text)
    CTIMER1_IRQHandler                       0x04000279   Thumb Code     4  startup_lpc55s69_cm33_core1.o(.text)
    SCT0_IRQHandler                          0x0400027d   Thumb Code     4  startup_lpc55s69_cm33_core1.o(.text)
    CTIMER3_IRQHandler                       0x04000281   Thumb Code     4  startup_lpc55s69_cm33_core1.o(.text)
    FLEXCOMM0_IRQHandler                     0x04000285   Thumb Code     4  startup_lpc55s69_cm33_core1.o(.text)
    FLEXCOMM1_IRQHandler                     0x04000289   Thumb Code     4  startup_lpc55s69_cm33_core1.o(.text)
    FLEXCOMM2_IRQHandler                     0x0400028d   Thumb Code     4  startup_lpc55s69_cm33_core1.o(.text)
    FLEXCOMM3_IRQHandler                     0x04000291   Thumb Code     4  startup_lpc55s69_cm33_core1.o(.text)
    FLEXCOMM4_IRQHandler                     0x04000295   Thumb Code     4  startup_lpc55s69_cm33_core1.o(.text)
    FLEXCOMM5_IRQHandler                     0x04000299   Thumb Code     4  startup_lpc55s69_cm33_core1.o(.text)
    FLEXCOMM6_IRQHandler                     0x0400029d   Thumb Code     4  startup_lpc55s69_cm33_core1.o(.text)
    FLEXCOMM7_IRQHandler                     0x040002a1   Thumb Code     4  startup_lpc55s69_cm33_core1.o(.text)
    ADC0_IRQHandler                          0x040002a5   Thumb Code     4  startup_lpc55s69_cm33_core1.o(.text)
    Reserved39_IRQHandler                    0x040002a9   Thumb Code     4  startup_lpc55s69_cm33_core1.o(.text)
    ACMP_IRQHandler                          0x040002ad   Thumb Code     4  startup_lpc55s69_cm33_core1.o(.text)
    Reserved41_IRQHandler                    0x040002b1   Thumb Code     4  startup_lpc55s69_cm33_core1.o(.text)
    Reserved42_IRQHandler                    0x040002b5   Thumb Code     4  startup_lpc55s69_cm33_core1.o(.text)
    USB0_NEEDCLK_IRQHandler                  0x040002b9   Thumb Code     4  startup_lpc55s69_cm33_core1.o(.text)
    USB0_IRQHandler                          0x040002bd   Thumb Code     4  startup_lpc55s69_cm33_core1.o(.text)
    RTC_IRQHandler                           0x040002c1   Thumb Code     4  startup_lpc55s69_cm33_core1.o(.text)
    Reserved46_IRQHandler                    0x040002c5   Thumb Code     4  startup_lpc55s69_cm33_core1.o(.text)
    PIN_INT4_IRQHandler                      0x040002cd   Thumb Code     4  startup_lpc55s69_cm33_core1.o(.text)
    PIN_INT5_IRQHandler                      0x040002d1   Thumb Code     4  startup_lpc55s69_cm33_core1.o(.text)
    PIN_INT6_IRQHandler                      0x040002d5   Thumb Code     4  startup_lpc55s69_cm33_core1.o(.text)
    PIN_INT7_IRQHandler                      0x040002d9   Thumb Code     4  startup_lpc55s69_cm33_core1.o(.text)
    CTIMER2_IRQHandler                       0x040002dd   Thumb Code     4  startup_lpc55s69_cm33_core1.o(.text)
    CTIMER4_IRQHandler                       0x040002e1   Thumb Code     4  startup_lpc55s69_cm33_core1.o(.text)
    OS_EVENT_IRQHandler                      0x040002e5   Thumb Code     4  startup_lpc55s69_cm33_core1.o(.text)
    Reserved55_IRQHandler                    0x040002e9   Thumb Code     4  startup_lpc55s69_cm33_core1.o(.text)
    Reserved56_IRQHandler                    0x040002ed   Thumb Code     4  startup_lpc55s69_cm33_core1.o(.text)
    Reserved57_IRQHandler                    0x040002f1   Thumb Code     4  startup_lpc55s69_cm33_core1.o(.text)
    SDIO_IRQHandler                          0x040002f5   Thumb Code     4  startup_lpc55s69_cm33_core1.o(.text)
    Reserved59_IRQHandler                    0x040002f9   Thumb Code     4  startup_lpc55s69_cm33_core1.o(.text)
    Reserved60_IRQHandler                    0x040002fd   Thumb Code     4  startup_lpc55s69_cm33_core1.o(.text)
    Reserved61_IRQHandler                    0x04000301   Thumb Code     4  startup_lpc55s69_cm33_core1.o(.text)
    USB1_PHY_IRQHandler                      0x04000305   Thumb Code     4  startup_lpc55s69_cm33_core1.o(.text)
    USB1_IRQHandler                          0x04000309   Thumb Code     4  startup_lpc55s69_cm33_core1.o(.text)
    USB1_NEEDCLK_IRQHandler                  0x0400030d   Thumb Code     4  startup_lpc55s69_cm33_core1.o(.text)
    SEC_HYPERVISOR_CALL_IRQHandler           0x04000311   Thumb Code     4  startup_lpc55s69_cm33_core1.o(.text)
    SEC_GPIO_INT0_IRQ0_IRQHandler            0x04000315   Thumb Code     4  startup_lpc55s69_cm33_core1.o(.text)
    SEC_GPIO_INT0_IRQ1_IRQHandler            0x04000319   Thumb Code     4  startup_lpc55s69_cm33_core1.o(.text)
    PLU_IRQHandler                           0x0400031d   Thumb Code     4  startup_lpc55s69_cm33_core1.o(.text)
    SEC_VIO_IRQHandler                       0x04000321   Thumb Code     4  startup_lpc55s69_cm33_core1.o(.text)
    HASHCRYPT_IRQHandler                     0x04000325   Thumb Code     4  startup_lpc55s69_cm33_core1.o(.text)
    CASER_IRQHandler                         0x04000329   Thumb Code     4  startup_lpc55s69_cm33_core1.o(.text)
    PUF_IRQHandler                           0x0400032d   Thumb Code     4  startup_lpc55s69_cm33_core1.o(.text)
    PQ_IRQHandler                            0x04000331   Thumb Code     4  startup_lpc55s69_cm33_core1.o(.text)
    DMA1_IRQHandler                          0x04000335   Thumb Code     4  startup_lpc55s69_cm33_core1.o(.text)
    FLEXCOMM8_IRQHandler                     0x04000339   Thumb Code     4  startup_lpc55s69_cm33_core1.o(.text)
    __scatterload                            0x04000441   Thumb Code    28  init.o(.text)
    __scatterload_rt2                        0x04000441   Thumb Code     0  init.o(.text)
    BusFault_Handler                         0x04000465   Thumb Code     4  mcmgr_internal_core_api_lpc55s69.o(.text.BusFault_Handler)
    DMA0_DriverIRQHandler                    0x04000469   Thumb Code    12  fsl_dma.o(.text.DMA0_DriverIRQHandler)
    DMA1_DriverIRQHandler                    0x04000475   Thumb Code    12  fsl_dma.o(.text.DMA1_DriverIRQHandler)
    DMA_IRQHandle                            0x04000481   Thumb Code   214  fsl_dma.o(.text.DMA_IRQHandle)
    DefaultISR                               0x04000559   Thumb Code    14  mcmgr_internal_core_api_lpc55s69.o(.text.DefaultISR)
    FLEXCOMM0_DriverIRQHandler               0x04000569   Thumb Code    22  fsl_flexcomm.o(.text.FLEXCOMM0_DriverIRQHandler)
    FLEXCOMM1_DriverIRQHandler               0x04000581   Thumb Code    22  fsl_flexcomm.o(.text.FLEXCOMM1_DriverIRQHandler)
    FLEXCOMM2_DriverIRQHandler               0x04000599   Thumb Code    22  fsl_flexcomm.o(.text.FLEXCOMM2_DriverIRQHandler)
    FLEXCOMM3_DriverIRQHandler               0x040005b1   Thumb Code    22  fsl_flexcomm.o(.text.FLEXCOMM3_DriverIRQHandler)
    FLEXCOMM4_DriverIRQHandler               0x040005c9   Thumb Code    22  fsl_flexcomm.o(.text.FLEXCOMM4_DriverIRQHandler)
    FLEXCOMM5_DriverIRQHandler               0x040005e1   Thumb Code    22  fsl_flexcomm.o(.text.FLEXCOMM5_DriverIRQHandler)
    FLEXCOMM6_DriverIRQHandler               0x040005f9   Thumb Code    22  fsl_flexcomm.o(.text.FLEXCOMM6_DriverIRQHandler)
    FLEXCOMM7_DriverIRQHandler               0x04000611   Thumb Code    22  fsl_flexcomm.o(.text.FLEXCOMM7_DriverIRQHandler)
    FLEXCOMM8_DriverIRQHandler               0x04000629   Thumb Code    22  fsl_flexcomm.o(.text.FLEXCOMM8_DriverIRQHandler)
    GINT0_DriverIRQHandler                   0x04000641   Thumb Code    34  fsl_gint.o(.text.GINT0_DriverIRQHandler)
    GINT1_DriverIRQHandler                   0x04000665   Thumb Code    34  fsl_gint.o(.text.GINT1_DriverIRQHandler)
    HardFault_Handler                        0x04000689   Thumb Code     4  mcmgr_internal_core_api_lpc55s69.o(.text.HardFault_Handler)
    INPUTMUX_AttachSignal                    0x0400068d   Thumb Code    14  fsl_inputmux.o(.text.INPUTMUX_AttachSignal)
    INPUTMUX_Deinit                          0x0400069d   Thumb Code    16  fsl_inputmux.o(.text.INPUTMUX_Deinit)
    INPUTMUX_Init                            0x040006ad   Thumb Code    16  fsl_inputmux.o(.text.INPUTMUX_Init)
    MAILBOX_IRQHandler                       0x040006bd   Thumb Code    52  mcmgr_internal_core_api_lpc55s69.o(.text.MAILBOX_IRQHandler)
    MCMGR_EarlyInit                          0x040006f1   Thumb Code    32  mcmgr.o(.text.MCMGR_EarlyInit)
    MCMGR_GetStartupData                     0x04000775   Thumb Code    84  mcmgr.o(.text.MCMGR_GetStartupData)
    MCMGR_Init                               0x040007c9   Thumb Code    88  mcmgr.o(.text.MCMGR_Init)
    MCMGR_TriggerEvent                       0x04000889   Thumb Code    46  mcmgr.o(.text.MCMGR_TriggerEvent)
    MemManage_Handler                        0x040008b9   Thumb Code     4  mcmgr_internal_core_api_lpc55s69.o(.text.MemManage_Handler)
    NMI_Handler                              0x040008bd   Thumb Code     4  mcmgr_internal_core_api_lpc55s69.o(.text.NMI_Handler)
    PINT_EnableCallbackByIndex               0x040008c1   Thumb Code    70  fsl_pint.o(.text.PINT_EnableCallbackByIndex)
    PINT_Init                                0x04000909   Thumb Code   214  fsl_pint.o(.text.PINT_Init)
    PINT_PinInterruptConfig                  0x040009e1   Thumb Code    76  fsl_pint.o(.text.PINT_PinInterruptConfig)
    PIN_INT0_DriverIRQHandler                0x04000a2d   Thumb Code    74  fsl_pint.o(.text.PIN_INT0_DriverIRQHandler)
    PIN_INT1_DriverIRQHandler                0x04000a79   Thumb Code    74  fsl_pint.o(.text.PIN_INT1_DriverIRQHandler)
    PIN_INT2_DriverIRQHandler                0x04000ac5   Thumb Code    74  fsl_pint.o(.text.PIN_INT2_DriverIRQHandler)
    PIN_INT3_DriverIRQHandler                0x04000b11   Thumb Code    74  fsl_pint.o(.text.PIN_INT3_DriverIRQHandler)
    PIN_INT4_DriverIRQHandler                0x04000b5d   Thumb Code    74  fsl_pint.o(.text.PIN_INT4_DriverIRQHandler)
    PIN_INT5_DriverIRQHandler                0x04000ba9   Thumb Code    74  fsl_pint.o(.text.PIN_INT5_DriverIRQHandler)
    PIN_INT6_DriverIRQHandler                0x04000bf5   Thumb Code    74  fsl_pint.o(.text.PIN_INT6_DriverIRQHandler)
    PIN_INT7_DriverIRQHandler                0x04000c41   Thumb Code    74  fsl_pint.o(.text.PIN_INT7_DriverIRQHandler)
    RESET_PeripheralReset                    0x04000c8d   Thumb Code   112  fsl_reset.o(.text.RESET_PeripheralReset)
    SEC_GPIO_INT0_IRQ0_DriverIRQHandler      0x04000cfd   Thumb Code    70  fsl_pint.o(.text.SEC_GPIO_INT0_IRQ0_DriverIRQHandler)
    SEC_GPIO_INT0_IRQ1_DriverIRQHandler      0x04000d45   Thumb Code    70  fsl_pint.o(.text.SEC_GPIO_INT0_IRQ1_DriverIRQHandler)
    SPI_MasterSetBaud                        0x04000d8d   Thumb Code   100  fsl_spi.o(.text.SPI_MasterSetBaud)
    SystemInit                               0x04000df1   Thumb Code    60  system_lpc55s69_cm33_core1.o(.text.SystemInit)
    SystemInitHook                           0x04000e2d   Thumb Code     4  main_core1.o(.text.SystemInitHook)
    UsageFault_Handler                       0x04000e31   Thumb Code     4  mcmgr_internal_core_api_lpc55s69.o(.text.UsageFault_Handler)
    lcd_refresh                              0x04000e35   Thumb Code   290  lcd.o(.text.lcd_refresh)
    lcd_set_cursor                           0x04000f59   Thumb Code   554  lcd.o(.text.lcd_set_cursor)
    lcd_write_byte                           0x04001185   Thumb Code    88  lcd.o(.text.lcd_write_byte)
    main                                     0x040011dd   Thumb Code   438  main_core1.o(.text.main)
    mcmgr_early_init_internal                0x04001395   Thumb Code    42  mcmgr_internal_core_api_lpc55s69.o(.text.mcmgr_early_init_internal)
    mcmgr_get_current_core_internal          0x040013c1   Thumb Code     4  mcmgr_internal_core_api_lpc55s69.o(.text.mcmgr_get_current_core_internal)
    mcmgr_get_startup_data_internal          0x040013c5   Thumb Code    38  mcmgr_internal_core_api_lpc55s69.o(.text.mcmgr_get_startup_data_internal)
    mcmgr_late_init_internal                 0x040013ed   Thumb Code    30  mcmgr_internal_core_api_lpc55s69.o(.text.mcmgr_late_init_internal)
    mcmgr_trigger_event_internal             0x0400140d   Thumb Code    40  mcmgr_internal_core_api_lpc55s69.o(.text.mcmgr_trigger_event_internal)
    pint_intr_callback                       0x04001435   Thumb Code    14  main_core1.o(.text.pint_intr_callback)
    xpt2046_read_average                     0x04001445   Thumb Code   886  main_core1.o(.text.xpt2046_read_average)
    __scatterload_copy                       0x040017bb   Thumb Code    14  handlers.o(i.__scatterload_copy)
    __scatterload_null                       0x040017c9   Thumb Code     2  handlers.o(i.__scatterload_null)
    __scatterload_zeroinit                   0x040017cb   Thumb Code    14  handlers.o(i.__scatterload_zeroinit)
    g_mcmgrSystem                            0x040017d8   Data          12  mcmgr_internal_core_api_lpc55s69.o(.rodata.g_mcmgrSystem)
    Region$$Table$$Base                      0x04001810   Number         0  anon$$obj.o(Region$$Table)
    Region$$Table$$Limit                     0x04001820   Number         0  anon$$obj.o(Region$$Table)
    g_TouchedFlag                            0x20040048   Data           1  main_core1.o(.bss..L_MergedGlobals)
    g_TouchValueBuf                          0x2004004c   Data           4  main_core1.o(.bss..L_MergedGlobals)
    MCMGR_eventTable                         0x20040050   Data          72  mcmgr.o(.bss.MCMGR_eventTable)
    g_LCDImageBuf                            0x20040098   Data           4  lcd.o(.bss.g_LCDImageBuf)
    s_mcmgrCoresContext                      0x2004015c   Data          16  mcmgr_internal_core_api_lpc55s69.o(.bss.s_mcmgrCoresContext)
    Image$$ARM_LIB_HEAP$$ZI$$Base            0x20040194   Number         0  anon$$obj.o ABSOLUTE
    Image$$ARM_LIB_HEAP$$ZI$$Limit           0x20041194   Number         0  anon$$obj.o ABSOLUTE
    Image$$ARM_LIB_STACK$$ZI$$Base           0x20042000   Number         0  anon$$obj.o ABSOLUTE
    Image$$ARM_LIB_STACK$$ZI$$Limit          0x20043000   Number         0  anon$$obj.o ABSOLUTE



==============================================================================

Memory Map of the image

  Image Entry point : 0x04000201

  Load Region LR_m_text (Base: 0x04000000, Size: 0x00001820, Max: 0x00008000, ABSOLUTE)

    Execution Region VECTOR_ROM (Exec base: 0x04000000, Load base: 0x04000000, Size: 0x00000130, Max: 0x00000200, ABSOLUTE)

    Exec Addr    Load Addr    Size         Type   Attr      Idx    E Section Name        Object

    0x04000000   0x04000000   0x00000130   Data   RO          762    .isr_vector         startup_lpc55s69_cm33_core1.o


    Execution Region ER_m_text (Exec base: 0x04000200, Load base: 0x04000200, Size: 0x00001620, Max: 0x00007e00, ABSOLUTE, FIXED)

    Exec Addr    Load Addr    Size         Type   Attr      Idx    E Section Name        Object

    0x04000200   0x04000200   0x00000000   Code   RO          902  * .ARM.Collect$$$$00000000  mc_w.l(entry.o)
    0x04000200   0x04000200   0x00000004   Code   RO          953    .ARM.Collect$$$$00000003  mc_w.l(entry4.o)
    0x04000204   0x04000204   0x00000004   Code   RO          956    .ARM.Collect$$$$00000004  mc_w.l(entry5.o)
    0x04000208   0x04000208   0x00000000   Code   RO          958    .ARM.Collect$$$$00000008  mc_w.l(entry7b.o)
    0x04000208   0x04000208   0x00000000   Code   RO          960    .ARM.Collect$$$$0000000A  mc_w.l(entry8b.o)
    0x04000208   0x04000208   0x00000008   Code   RO          961    .ARM.Collect$$$$0000000B  mc_w.l(entry9a.o)
    0x04000210   0x04000210   0x00000000   Code   RO          963    .ARM.Collect$$$$0000000D  mc_w.l(entry10a.o)
    0x04000210   0x04000210   0x00000000   Code   RO          965    .ARM.Collect$$$$0000000F  mc_w.l(entry11a.o)
    0x04000210   0x04000210   0x00000004   Code   RO          954    .ARM.Collect$$$$00002714  mc_w.l(entry4.o)
    0x04000214   0x04000214   0x0000022c   Code   RO          761    .text               startup_lpc55s69_cm33_core1.o
    0x04000440   0x04000440   0x00000024   Code   RO          980    .text               mc_w.l(init.o)
    0x04000464   0x04000464   0x00000004   Code   RO          716    .text.BusFault_Handler  mcmgr_internal_core_api_lpc55s69.o
    0x04000468   0x04000468   0x0000000c   Code   RO          529    .text.DMA0_DriverIRQHandler  fsl_dma.o
    0x04000474   0x04000474   0x0000000c   Code   RO          531    .text.DMA1_DriverIRQHandler  fsl_dma.o
    0x04000480   0x04000480   0x000000d6   Code   RO          527    .text.DMA_IRQHandle  fsl_dma.o
    0x04000556   0x04000556   0x00000002   PAD
    0x04000558   0x04000558   0x0000000e   Code   RO          708    .text.DefaultISR    mcmgr_internal_core_api_lpc55s69.o
    0x04000566   0x04000566   0x00000002   PAD
    0x04000568   0x04000568   0x00000016   Code   RO          382    .text.FLEXCOMM0_DriverIRQHandler  fsl_flexcomm.o
    0x0400057e   0x0400057e   0x00000002   PAD
    0x04000580   0x04000580   0x00000016   Code   RO          384    .text.FLEXCOMM1_DriverIRQHandler  fsl_flexcomm.o
    0x04000596   0x04000596   0x00000002   PAD
    0x04000598   0x04000598   0x00000016   Code   RO          386    .text.FLEXCOMM2_DriverIRQHandler  fsl_flexcomm.o
    0x040005ae   0x040005ae   0x00000002   PAD
    0x040005b0   0x040005b0   0x00000016   Code   RO          388    .text.FLEXCOMM3_DriverIRQHandler  fsl_flexcomm.o
    0x040005c6   0x040005c6   0x00000002   PAD
    0x040005c8   0x040005c8   0x00000016   Code   RO          390    .text.FLEXCOMM4_DriverIRQHandler  fsl_flexcomm.o
    0x040005de   0x040005de   0x00000002   PAD
    0x040005e0   0x040005e0   0x00000016   Code   RO          392    .text.FLEXCOMM5_DriverIRQHandler  fsl_flexcomm.o
    0x040005f6   0x040005f6   0x00000002   PAD
    0x040005f8   0x040005f8   0x00000016   Code   RO          394    .text.FLEXCOMM6_DriverIRQHandler  fsl_flexcomm.o
    0x0400060e   0x0400060e   0x00000002   PAD
    0x04000610   0x04000610   0x00000016   Code   RO          396    .text.FLEXCOMM7_DriverIRQHandler  fsl_flexcomm.o
    0x04000626   0x04000626   0x00000002   PAD
    0x04000628   0x04000628   0x00000016   Code   RO          398    .text.FLEXCOMM8_DriverIRQHandler  fsl_flexcomm.o
    0x0400063e   0x0400063e   0x00000002   PAD
    0x04000640   0x04000640   0x00000022   Code   RO          563    .text.GINT0_DriverIRQHandler  fsl_gint.o
    0x04000662   0x04000662   0x00000002   PAD
    0x04000664   0x04000664   0x00000022   Code   RO          565    .text.GINT1_DriverIRQHandler  fsl_gint.o
    0x04000686   0x04000686   0x00000002   PAD
    0x04000688   0x04000688   0x00000004   Code   RO          710    .text.HardFault_Handler  mcmgr_internal_core_api_lpc55s69.o
    0x0400068c   0x0400068c   0x0000000e   Code   RO          639    .text.INPUTMUX_AttachSignal  fsl_inputmux.o
    0x0400069a   0x0400069a   0x00000002   PAD
    0x0400069c   0x0400069c   0x00000010   Code   RO          641    .text.INPUTMUX_Deinit  fsl_inputmux.o
    0x040006ac   0x040006ac   0x00000010   Code   RO          637    .text.INPUTMUX_Init  fsl_inputmux.o
    0x040006bc   0x040006bc   0x00000034   Code   RO          706    .text.MAILBOX_IRQHandler  mcmgr_internal_core_api_lpc55s69.o
    0x040006f0   0x040006f0   0x00000020   Code   RO          658    .text.MCMGR_EarlyInit  mcmgr.o
    0x04000710   0x04000710   0x00000064   Code   RO          666    .text.MCMGR_FeedStartupDataEventHandler  mcmgr.o
    0x04000774   0x04000774   0x00000054   Code   RO          670    .text.MCMGR_GetStartupData  mcmgr.o
    0x040007c8   0x040007c8   0x00000058   Code   RO          662    .text.MCMGR_Init    mcmgr.o
    0x04000820   0x04000820   0x00000068   Code   RO          664    .text.MCMGR_StartupDataEventHandler  mcmgr.o
    0x04000888   0x04000888   0x0000002e   Code   RO          654    .text.MCMGR_TriggerEvent  mcmgr.o
    0x040008b6   0x040008b6   0x00000002   PAD
    0x040008b8   0x040008b8   0x00000004   Code   RO          714    .text.MemManage_Handler  mcmgr_internal_core_api_lpc55s69.o
    0x040008bc   0x040008bc   0x00000004   Code   RO          712    .text.NMI_Handler   mcmgr_internal_core_api_lpc55s69.o
    0x040008c0   0x040008c0   0x00000046   Code   RO          598    .text.PINT_EnableCallbackByIndex  fsl_pint.o
    0x04000906   0x04000906   0x00000002   PAD
    0x04000908   0x04000908   0x000000d6   Code   RO          580    .text.PINT_Init     fsl_pint.o
    0x040009de   0x040009de   0x00000002   PAD
    0x040009e0   0x040009e0   0x0000004c   Code   RO          582    .text.PINT_PinInterruptConfig  fsl_pint.o
    0x04000a2c   0x04000a2c   0x0000004a   Code   RO          610    .text.PIN_INT0_DriverIRQHandler  fsl_pint.o
    0x04000a76   0x04000a76   0x00000002   PAD
    0x04000a78   0x04000a78   0x0000004a   Code   RO          612    .text.PIN_INT1_DriverIRQHandler  fsl_pint.o
    0x04000ac2   0x04000ac2   0x00000002   PAD
    0x04000ac4   0x04000ac4   0x0000004a   Code   RO          614    .text.PIN_INT2_DriverIRQHandler  fsl_pint.o
    0x04000b0e   0x04000b0e   0x00000002   PAD
    0x04000b10   0x04000b10   0x0000004a   Code   RO          616    .text.PIN_INT3_DriverIRQHandler  fsl_pint.o
    0x04000b5a   0x04000b5a   0x00000002   PAD
    0x04000b5c   0x04000b5c   0x0000004a   Code   RO          618    .text.PIN_INT4_DriverIRQHandler  fsl_pint.o
    0x04000ba6   0x04000ba6   0x00000002   PAD
    0x04000ba8   0x04000ba8   0x0000004a   Code   RO          620    .text.PIN_INT5_DriverIRQHandler  fsl_pint.o
    0x04000bf2   0x04000bf2   0x00000002   PAD
    0x04000bf4   0x04000bf4   0x0000004a   Code   RO          622    .text.PIN_INT6_DriverIRQHandler  fsl_pint.o
    0x04000c3e   0x04000c3e   0x00000002   PAD
    0x04000c40   0x04000c40   0x0000004a   Code   RO          624    .text.PIN_INT7_DriverIRQHandler  fsl_pint.o
    0x04000c8a   0x04000c8a   0x00000002   PAD
    0x04000c8c   0x04000c8c   0x00000070   Code   RO          430    .text.RESET_PeripheralReset  fsl_reset.o
    0x04000cfc   0x04000cfc   0x00000046   Code   RO          606    .text.SEC_GPIO_INT0_IRQ0_DriverIRQHandler  fsl_pint.o
    0x04000d42   0x04000d42   0x00000002   PAD
    0x04000d44   0x04000d44   0x00000046   Code   RO          608    .text.SEC_GPIO_INT0_IRQ1_DriverIRQHandler  fsl_pint.o
    0x04000d8a   0x04000d8a   0x00000002   PAD
    0x04000d8c   0x04000d8c   0x00000064   Code   RO          180    .text.SPI_MasterSetBaud  fsl_spi.o
    0x04000df0   0x04000df0   0x0000003c   Code   RO          154    .text.SystemInit    system_lpc55s69_cm33_core1.o
    0x04000e2c   0x04000e2c   0x00000004   Code   RO          735    .text.SystemInitHook  main_core1.o
    0x04000e30   0x04000e30   0x00000004   Code   RO          718    .text.UsageFault_Handler  mcmgr_internal_core_api_lpc55s69.o
    0x04000e34   0x04000e34   0x00000122   Code   RO          848    .text.lcd_refresh   lcd.o
    0x04000f56   0x04000f56   0x00000002   PAD
    0x04000f58   0x04000f58   0x0000022a   Code   RO          828    .text.lcd_set_cursor  lcd.o
    0x04001182   0x04001182   0x00000002   PAD
    0x04001184   0x04001184   0x00000058   Code   RO          820    .text.lcd_write_byte  lcd.o
    0x040011dc   0x040011dc   0x000001b6   Code   RO          749    .text.main          main_core1.o
    0x04001392   0x04001392   0x00000002   PAD
    0x04001394   0x04001394   0x0000002a   Code   RO          690    .text.mcmgr_early_init_internal  mcmgr_internal_core_api_lpc55s69.o
    0x040013be   0x040013be   0x00000002   PAD
    0x040013c0   0x040013c0   0x00000004   Code   RO          702    .text.mcmgr_get_current_core_internal  mcmgr_internal_core_api_lpc55s69.o
    0x040013c4   0x040013c4   0x00000026   Code   RO          696    .text.mcmgr_get_startup_data_internal  mcmgr_internal_core_api_lpc55s69.o
    0x040013ea   0x040013ea   0x00000002   PAD
    0x040013ec   0x040013ec   0x0000001e   Code   RO          692    .text.mcmgr_late_init_internal  mcmgr_internal_core_api_lpc55s69.o
    0x0400140a   0x0400140a   0x00000002   PAD
    0x0400140c   0x0400140c   0x00000028   Code   RO          704    .text.mcmgr_trigger_event_internal  mcmgr_internal_core_api_lpc55s69.o
    0x04001434   0x04001434   0x0000000e   Code   RO          737    .text.pint_intr_callback  main_core1.o
    0x04001442   0x04001442   0x00000002   PAD
    0x04001444   0x04001444   0x00000376   Code   RO          741    .text.xpt2046_read_average  main_core1.o
    0x040017ba   0x040017ba   0x0000000e   Code   RO          984    i.__scatterload_copy  mc_w.l(handlers.o)
    0x040017c8   0x040017c8   0x00000002   Code   RO          985    i.__scatterload_null  mc_w.l(handlers.o)
    0x040017ca   0x040017ca   0x0000000e   Code   RO          986    i.__scatterload_zeroinit  mc_w.l(handlers.o)
    0x040017d8   0x040017d8   0x0000000c   Data   RO          722    .rodata.g_mcmgrSystem  mcmgr_internal_core_api_lpc55s69.o
    0x040017e4   0x040017e4   0x00000010   Data   RO          721    .rodata.s_mcmgrCores  mcmgr_internal_core_api_lpc55s69.o
    0x040017f4   0x040017f4   0x0000000a   Data   RO          627    .rodata.s_pintIRQ   fsl_pint.o
    0x040017fe   0x040017fe   0x0000000f   Data   RO          723    .rodata.str1.1      mcmgr_internal_core_api_lpc55s69.o
    0x0400180d   0x0400180d   0x00000003   PAD
    0x04001810   0x04001810   0x00000010   Data   RO          983    Region$$Table       anon$$obj.o


    Execution Region RW_m_data (Exec base: 0x20040000, Load base: 0x04001820, Size: 0x00000194, Max: 0x00001000, ABSOLUTE)

    Exec Addr    Load Addr    Size         Type   Attr      Idx    E Section Name        Object

    0x20040000        -       0x00000048   Zero   RW          402    .bss..L_MergedGlobals  fsl_flexcomm.o
    0x20040048        -       0x00000008   Zero   RW          752    .bss..L_MergedGlobals  main_core1.o
    0x20040050        -       0x00000048   Zero   RW          680    .bss.MCMGR_eventTable  mcmgr.o
    0x20040098        -       0x00000004   Zero   RW          851    .bss.g_LCDImageBuf  lcd.o
    0x2004009c        -       0x000000b8   Zero   RW          535    .bss.s_DMAHandle    fsl_dma.o
    0x20040154        -       0x00000008   Zero   RW          567    .bss.s_gintCallback  fsl_gint.o
    0x2004015c        -       0x00000010   Zero   RW          720    .bss.s_mcmgrCoresContext  mcmgr_internal_core_api_lpc55s69.o
    0x2004016c        -       0x00000028   Zero   RW          626    .bss.s_pintCallback  fsl_pint.o


    Execution Region ARM_LIB_HEAP (Exec base: 0x20040194, Load base: 0x04001820, Size: 0x00001000, Max: 0x00001000, ABSOLUTE)

    Exec Addr    Load Addr    Size         Type   Attr      Idx    E Section Name        Object

    0x20040194        -       0x00001000   Zero   RW            1    ARM_LIB_HEAP.bss    anon$$obj.o


    Execution Region ARM_LIB_STACK (Exec base: 0x20042000, Load base: 0x04001820, Size: 0x00001000, Max: 0x00001000, ABSOLUTE)

    Exec Addr    Load Addr    Size         Type   Attr      Idx    E Section Name        Object

    0x20042000        -       0x00001000   Zero   RW            2    ARM_LIB_STACK.bss   anon$$obj.o


    Execution Region RW_m_usb_bdt (Exec base: 0x40100000, Load base: 0x04001820, Size: 0x00000000, Max: 0x00000000, ABSOLUTE, UNINIT)

    **** No section assigned to this execution region ****


    Execution Region RW_m_usb_ram (Exec base: 0x40100000, Load base: 0x04001820, Size: 0x00000000, Max: 0x00004000, ABSOLUTE, UNINIT)

    **** No section assigned to this execution region ****


==============================================================================

Image component sizes


      Code (inc. data)   RO Data    RW Data    ZI Data      Debug   Object Name

       238          0          0          0        184      27779   fsl_dma.o
       198          0          0          0         72      15201   fsl_flexcomm.o
        68          0          0          0          8      16411   fsl_gint.o
        46          0          0          0          0      23771   fsl_inputmux.o
      1092          0         10          0         40      25693   fsl_pint.o
       112          0          0          0          0       8462   fsl_reset.o
       100          0          0          0          0      20995   fsl_spi.o
       932          0          0          0          4      79946   lcd.o
      1342          0          0          0          8      24737   main_core1.o
       454          0          0          0         72       6814   mcmgr.o
       240          0         43          0         16      17761   mcmgr_internal_core_api_lpc55s69.o
       556        272        304          0          0       2920   startup_lpc55s69_cm33_core1.o
        60          0          0          0          0       9994   system_lpc55s69_cm33_core1.o

    ----------------------------------------------------------------------
      5506        272        376          0       8596     280484   Object Totals
         0          0         16          0       8192          0   (incl. Generated)
        68          0          3          0          0          0   (incl. Padding)

    ----------------------------------------------------------------------

      Code (inc. data)   RO Data    RW Data    ZI Data      Debug   Library Member Name

         0          0          0          0          0          0   entry.o
         0          0          0          0          0          0   entry10a.o
         0          0          0          0          0          0   entry11a.o
         8          4          0          0          0          0   entry4.o
         4          0          0          0          0          0   entry5.o
         0          0          0          0          0          0   entry7b.o
         0          0          0          0          0          0   entry8b.o
         8          4          0          0          0          0   entry9a.o
        30          0          0          0          0          0   handlers.o
        36          8          0          0          0         68   init.o

    ----------------------------------------------------------------------
        86         16          0          0          0         68   Library Totals
         0          0          0          0          0          0   (incl. Padding)

    ----------------------------------------------------------------------

      Code (inc. data)   RO Data    RW Data    ZI Data      Debug   Library Name

        86         16          0          0          0         68   mc_w.l

    ----------------------------------------------------------------------
        86         16          0          0          0         68   Library Totals

    ----------------------------------------------------------------------

==============================================================================


      Code (inc. data)   RO Data    RW Data    ZI Data      Debug   

      5592        288        376          0       8596     280580   Grand Totals
      5592        288        376          0       8596     280580   ELF Image Totals
      5592        288        376          0          0          0   ROM Totals

==============================================================================

    Total RO  Size (Code + RO Data)                 5968 (   5.83kB)
    Total RW  Size (RW Data + ZI Data)              8596 (   8.39kB)
    Total ROM Size (Code + RO Data + RW Data)       5968 (   5.83kB)

==============================================================================

